Archive member included to satisfy reference by file (symbol)

c:/st/stm32cubeide_1.7.0/stm32cubeide/plugins/com.st.stm32cube.ide.mcu.externaltools.gnu-tools-for-stm32.9-2020-q2-update.win32_2.0.0.202105311346/tools/bin/../lib/gcc/arm-none-eabi/9.3.1/../../../../arm-none-eabi/lib/thumb/v7-m/nofp\libc_nano.a(lib_a-errno.o)
                              ./Core/Src/syscalls.o (__errno)
c:/st/stm32cubeide_1.7.0/stm32cubeide/plugins/com.st.stm32cube.ide.mcu.externaltools.gnu-tools-for-stm32.9-2020-q2-update.win32_2.0.0.202105311346/tools/bin/../lib/gcc/arm-none-eabi/9.3.1/../../../../arm-none-eabi/lib/thumb/v7-m/nofp\libc_nano.a(lib_a-exit.o)
                              c:/st/stm32cubeide_1.7.0/stm32cubeide/plugins/com.st.stm32cube.ide.mcu.externaltools.gnu-tools-for-stm32.9-2020-q2-update.win32_2.0.0.202105311346/tools/bin/../lib/gcc/arm-none-eabi/9.3.1/../../../../arm-none-eabi/lib/thumb/v7-m/nofp/crt0.o (exit)
c:/st/stm32cubeide_1.7.0/stm32cubeide/plugins/com.st.stm32cube.ide.mcu.externaltools.gnu-tools-for-stm32.9-2020-q2-update.win32_2.0.0.202105311346/tools/bin/../lib/gcc/arm-none-eabi/9.3.1/../../../../arm-none-eabi/lib/thumb/v7-m/nofp\libc_nano.a(lib_a-findfp.o)
                              ./Middlewares/Third_Party/FreeRTOS/Source/tasks.o (__sf_fake_stderr)
c:/st/stm32cubeide_1.7.0/stm32cubeide/plugins/com.st.stm32cube.ide.mcu.externaltools.gnu-tools-for-stm32.9-2020-q2-update.win32_2.0.0.202105311346/tools/bin/../lib/gcc/arm-none-eabi/9.3.1/../../../../arm-none-eabi/lib/thumb/v7-m/nofp\libc_nano.a(lib_a-fwalk.o)
                              c:/st/stm32cubeide_1.7.0/stm32cubeide/plugins/com.st.stm32cube.ide.mcu.externaltools.gnu-tools-for-stm32.9-2020-q2-update.win32_2.0.0.202105311346/tools/bin/../lib/gcc/arm-none-eabi/9.3.1/../../../../arm-none-eabi/lib/thumb/v7-m/nofp\libc_nano.a(lib_a-findfp.o) (_fwalk)
c:/st/stm32cubeide_1.7.0/stm32cubeide/plugins/com.st.stm32cube.ide.mcu.externaltools.gnu-tools-for-stm32.9-2020-q2-update.win32_2.0.0.202105311346/tools/bin/../lib/gcc/arm-none-eabi/9.3.1/../../../../arm-none-eabi/lib/thumb/v7-m/nofp\libc_nano.a(lib_a-impure.o)
                              c:/st/stm32cubeide_1.7.0/stm32cubeide/plugins/com.st.stm32cube.ide.mcu.externaltools.gnu-tools-for-stm32.9-2020-q2-update.win32_2.0.0.202105311346/tools/bin/../lib/gcc/arm-none-eabi/9.3.1/../../../../arm-none-eabi/lib/thumb/v7-m/nofp\libc_nano.a(lib_a-exit.o) (_global_impure_ptr)
c:/st/stm32cubeide_1.7.0/stm32cubeide/plugins/com.st.stm32cube.ide.mcu.externaltools.gnu-tools-for-stm32.9-2020-q2-update.win32_2.0.0.202105311346/tools/bin/../lib/gcc/arm-none-eabi/9.3.1/../../../../arm-none-eabi/lib/thumb/v7-m/nofp\libc_nano.a(lib_a-init.o)
                              c:/st/stm32cubeide_1.7.0/stm32cubeide/plugins/com.st.stm32cube.ide.mcu.externaltools.gnu-tools-for-stm32.9-2020-q2-update.win32_2.0.0.202105311346/tools/bin/../lib/gcc/arm-none-eabi/9.3.1/../../../../arm-none-eabi/lib/thumb/v7-m/nofp/crt0.o (__libc_init_array)
c:/st/stm32cubeide_1.7.0/stm32cubeide/plugins/com.st.stm32cube.ide.mcu.externaltools.gnu-tools-for-stm32.9-2020-q2-update.win32_2.0.0.202105311346/tools/bin/../lib/gcc/arm-none-eabi/9.3.1/../../../../arm-none-eabi/lib/thumb/v7-m/nofp\libc_nano.a(lib_a-lock.o)
                              c:/st/stm32cubeide_1.7.0/stm32cubeide/plugins/com.st.stm32cube.ide.mcu.externaltools.gnu-tools-for-stm32.9-2020-q2-update.win32_2.0.0.202105311346/tools/bin/../lib/gcc/arm-none-eabi/9.3.1/../../../../arm-none-eabi/lib/thumb/v7-m/nofp\libc_nano.a(lib_a-findfp.o) (__retarget_lock_init_recursive)
c:/st/stm32cubeide_1.7.0/stm32cubeide/plugins/com.st.stm32cube.ide.mcu.externaltools.gnu-tools-for-stm32.9-2020-q2-update.win32_2.0.0.202105311346/tools/bin/../lib/gcc/arm-none-eabi/9.3.1/../../../../arm-none-eabi/lib/thumb/v7-m/nofp\libc_nano.a(lib_a-malloc.o)
                              ./Drivers/lib/AHT10/AHT10.o (malloc)
c:/st/stm32cubeide_1.7.0/stm32cubeide/plugins/com.st.stm32cube.ide.mcu.externaltools.gnu-tools-for-stm32.9-2020-q2-update.win32_2.0.0.202105311346/tools/bin/../lib/gcc/arm-none-eabi/9.3.1/../../../../arm-none-eabi/lib/thumb/v7-m/nofp\libc_nano.a(lib_a-memcpy-stub.o)
                              ./Drivers/lib/DS18b20/ds18b20.o (memcpy)
c:/st/stm32cubeide_1.7.0/stm32cubeide/plugins/com.st.stm32cube.ide.mcu.externaltools.gnu-tools-for-stm32.9-2020-q2-update.win32_2.0.0.202105311346/tools/bin/../lib/gcc/arm-none-eabi/9.3.1/../../../../arm-none-eabi/lib/thumb/v7-m/nofp\libc_nano.a(lib_a-memset.o)
                              c:/st/stm32cubeide_1.7.0/stm32cubeide/plugins/com.st.stm32cube.ide.mcu.externaltools.gnu-tools-for-stm32.9-2020-q2-update.win32_2.0.0.202105311346/tools/bin/../lib/gcc/arm-none-eabi/9.3.1/../../../../arm-none-eabi/lib/thumb/v7-m/nofp/crt0.o (memset)
[...]
Memory Configuration

Name             Origin             Length             Attributes
RAM              0x0000000020000000 0x0000000000020000 xrw
FLASH            0x0000000008000000 0x0000000000100000 xr
*default*        0x0000000000000000 0xffffffffffffffff

Linker script and memory map

LOAD c:/st/stm32cubeide_1.7.0/stm32cubeide/plugins/com.st.stm32cube.ide.mcu.externaltools.gnu-tools-for-stm32.9-2020-q2-update.win32_2.0.0.202105311346/tools/bin/../lib/gcc/arm-none-eabi/9.3.1/thumb/v7-m/nofp/crti.o
LOAD c:/st/stm32cubeide_1.7.0/stm32cubeide/plugins/com.st.stm32cube.ide.mcu.externaltools.gnu-tools-for-stm32.9-2020-q2-update.win32_2.0.0.202105311346/tools/bin/../lib/gcc/arm-none-eabi/9.3.1/thumb/v7-m/nofp/crtbegin.o
LOAD c:/st/stm32cubeide_1.7.0/stm32cubeide/plugins/com.st.stm32cube.ide.mcu.externaltools.gnu-tools-for-stm32.9-2020-q2-update.win32_2.0.0.202105311346/tools/bin/../lib/gcc/arm-none-eabi/9.3.1/../../../../arm-none-eabi/lib/thumb/v7-m/nofp/crt0.o
LOAD ./Core/Src/freertos.o
LOAD ./Core/Src/main.o
LOAD ./Core/Src/stm32f2xx_hal_msp.o
LOAD ./Core/Src/stm32f2xx_hal_timebase_tim.o
LOAD ./Core/Src/stm32f2xx_it.o
LOAD ./Core/Src/syscalls.o
LOAD ./Core/Src/sysmem.o
LOAD ./Core/Src/system_stm32f2xx.o
LOAD ./Core/Startup/startup_stm32f205rgtx.o
LOAD ./Drivers/STM32F2xx_HAL_Driver/Src/stm32f2xx_hal.o
LOAD ./Drivers/STM32F2xx_HAL_Driver/Src/stm32f2xx_hal_cortex.o
LOAD ./Drivers/STM32F2xx_HAL_Driver/Src/stm32f2xx_hal_dma.o
LOAD ./Drivers/STM32F2xx_HAL_Driver/Src/stm32f2xx_hal_dma_ex.o
LOAD ./Drivers/STM32F2xx_HAL_Driver/Src/stm32f2xx_hal_exti.o
LOAD ./Drivers/STM32F2xx_HAL_Driver/Src/stm32f2xx_hal_flash.o
LOAD ./Drivers/STM32F2xx_HAL_Driver/Src/stm32f2xx_hal_flash_ex.o
LOAD ./Drivers/STM32F2xx_HAL_Driver/Src/stm32f2xx_hal_gpio.o
LOAD ./Drivers/STM32F2xx_HAL_Driver/Src/stm32f2xx_hal_i2c.o
LOAD ./Drivers/STM32F2xx_HAL_Driver/Src/stm32f2xx_hal_iwdg.o
LOAD ./Drivers/STM32F2xx_HAL_Driver/Src/stm32f2xx_hal_pwr.o
LOAD ./Drivers/STM32F2xx_HAL_Driver/Src/stm32f2xx_hal_pwr_ex.o
LOAD ./Drivers/STM32F2xx_HAL_Driver/Src/stm32f2xx_hal_rcc.o
LOAD ./Drivers/STM32F2xx_HAL_Driver/Src/stm32f2xx_hal_rcc_ex.o
LOAD ./Drivers/STM32F2xx_HAL_Driver/Src/stm32f2xx_hal_rtc.o
LOAD ./Drivers/STM32F2xx_HAL_Driver/Src/stm32f2xx_hal_rtc_ex.o
LOAD ./Drivers/STM32F2xx_HAL_Driver/Src/stm32f2xx_hal_tim.o
LOAD ./Drivers/STM32F2xx_HAL_Driver/Src/stm32f2xx_hal_tim_ex.o
LOAD ./Drivers/Task/button/buttonThread.o
LOAD ./Drivers/Task/interface/interface.o
LOAD ./Drivers/Task/interface/setting/interfaceAbout.o
LOAD ./Drivers/Task/interface/setting/interfaceMenu.o
LOAD ./Drivers/Task/interface/setting/interfaceParameter.o
LOAD ./Drivers/Task/interface/setting/interfaceTimeDate.o
LOAD ./Drivers/Task/sensor/sensor.o
LOAD ./Drivers/Task/system/system.o
LOAD ./Drivers/lib/AHT10/AHT10.o
LOAD ./Drivers/lib/BSP/BSP.o
LOAD ./Drivers/lib/Button/Button.o
LOAD ./Drivers/lib/DS18b20/ds18b20.o
LOAD ./Drivers/lib/DS18b20/myOneWire.o
LOAD ./Drivers/lib/Display/mainDisplay.o
LOAD ./Drivers/lib/Display/menuDisplay.o
LOAD ./Drivers/lib/Display/splash.o
LOAD ./Drivers/lib/Display/splashScreen.o
LOAD ./Drivers/lib/LCD/MCP23017_LCD12864.o
LOAD ./Drivers/lib/LCD/u8x8_font.o
LOAD ./Drivers/lib/RTC/stm32_rtc.o
LOAD ./Drivers/lib/SHTC3/shtc3.o
LOAD ./Drivers/lib/eeprom/eeprom.o
LOAD ./Middlewares/Third_Party/FreeRTOS/Source/CMSIS_RTOS_V2/cmsis_os2.o
LOAD ./Middlewares/Third_Party/FreeRTOS/Source/croutine.o
LOAD ./Middlewares/Third_Party/FreeRTOS/Source/event_groups.o
LOAD ./Middlewares/Third_Party/FreeRTOS/Source/list.o
LOAD ./Middlewares/Third_Party/FreeRTOS/Source/queue.o
LOAD ./Middlewares/Third_Party/FreeRTOS/Source/stream_buffer.o
LOAD ./Middlewares/Third_Party/FreeRTOS/Source/tasks.o
LOAD ./Middlewares/Third_Party/FreeRTOS/Source/timers.o
LOAD ./Middlewares/Third_Party/FreeRTOS/Source/portable/GCC/ARM_CM3/port.o
LOAD ./Middlewares/Third_Party/FreeRTOS/Source/portable/MemMang/heap_4.o
START GROUP
LOAD c:/st/stm32cubeide_1.7.0/stm32cubeide/plugins/com.st.stm32cube.ide.mcu.externaltools.gnu-tools-for-stm32.9-2020-q2-update.win32_2.0.0.202105311346/tools/bin/../lib/gcc/arm-none-eabi/9.3.1/../../../../arm-none-eabi/lib/thumb/v7-m/nofp\libc_nano.a
LOAD c:/st/stm32cubeide_1.7.0/stm32cubeide/plugins/com.st.stm32cube.ide.mcu.externaltools.gnu-tools-for-stm32.9-2020-q2-update.win32_2.0.0.202105311346/tools/bin/../lib/gcc/arm-none-eabi/9.3.1/../../../../arm-none-eabi/lib/thumb/v7-m/nofp\libm.a
END GROUP
START GROUP
LOAD c:/st/stm32cubeide_1.7.0/stm32cubeide/plugins/com.st.stm32cube.ide.mcu.externaltools.gnu-tools-for-stm32.9-2020-q2-update.win32_2.0.0.202105311346/tools/bin/../lib/gcc/arm-none-eabi/9.3.1/thumb/v7-m/nofp\libgcc.a
LOAD c:/st/stm32cubeide_1.7.0/stm32cubeide/plugins/com.st.stm32cube.ide.mcu.externaltools.gnu-tools-for-stm32.9-2020-q2-update.win32_2.0.0.202105311346/tools/bin/../lib/gcc/arm-none-eabi/9.3.1/../../../../arm-none-eabi/lib/thumb/v7-m/nofp\libc_nano.a
END GROUP
START GROUP
LOAD c:/st/stm32cubeide_1.7.0/stm32cubeide/plugins/com.st.stm32cube.ide.mcu.externaltools.gnu-tools-for-stm32.9-2020-q2-update.win32_2.0.0.202105311346/tools/bin/../lib/gcc/arm-none-eabi/9.3.1/thumb/v7-m/nofp\libgcc.a
LOAD c:/st/stm32cubeide_1.7.0/stm32cubeide/plugins/com.st.stm32cube.ide.mcu.externaltools.gnu-tools-for-stm32.9-2020-q2-update.win32_2.0.0.202105311346/tools/bin/../lib/gcc/arm-none-eabi/9.3.1/../../../../arm-none-eabi/lib/thumb/v7-m/nofp\libc_nano.a
LOAD c:/st/stm32cubeide_1.7.0/stm32cubeide/plugins/com.st.stm32cube.ide.mcu.externaltools.gnu-tools-for-stm32.9-2020-q2-update.win32_2.0.0.202105311346/tools/bin/../lib/gcc/arm-none-eabi/9.3.1/../../../../arm-none-eabi/lib/thumb/v7-m/nofp\libnosys.a
END GROUP
START GROUP
LOAD c:/st/stm32cubeide_1.7.0/stm32cubeide/plugins/com.st.stm32cube.ide.mcu.externaltools.gnu-tools-for-stm32.9-2020-q2-update.win32_2.0.0.202105311346/tools/bin/../lib/gcc/arm-none-eabi/9.3.1/thumb/v7-m/nofp\libgcc.a
LOAD c:/st/stm32cubeide_1.7.0/stm32cubeide/plugins/com.st.stm32cube.ide.mcu.externaltools.gnu-tools-for-stm32.9-2020-q2-update.win32_2.0.0.202105311346/tools/bin/../lib/gcc/arm-none-eabi/9.3.1/../../../../arm-none-eabi/lib/thumb/v7-m/nofp\libc_nano.a
LOAD c:/st/stm32cubeide_1.7.0/stm32cubeide/plugins/com.st.stm32cube.ide.mcu.externaltools.gnu-tools-for-stm32.9-2020-q2-update.win32_2.0.0.202105311346/tools/bin/../lib/gcc/arm-none-eabi/9.3.1/../../../../arm-none-eabi/lib/thumb/v7-m/nofp\libnosys.a
END GROUP
LOAD c:/st/stm32cubeide_1.7.0/stm32cubeide/plugins/com.st.stm32cube.ide.mcu.externaltools.gnu-tools-for-stm32.9-2020-q2-update.win32_2.0.0.202105311346/tools/bin/../lib/gcc/arm-none-eabi/9.3.1/thumb/v7-m/nofp/crtend.o
LOAD c:/st/stm32cubeide_1.7.0/stm32cubeide/plugins/com.st.stm32cube.ide.mcu.externaltools.gnu-tools-for-stm32.9-2020-q2-update.win32_2.0.0.202105311346/tools/bin/../lib/gcc/arm-none-eabi/9.3.1/thumb/v7-m/nofp/crtn.o
                0x0000000020020000                _estack = (ORIGIN (RAM) + LENGTH (RAM))
                0x0000000000000200                _Min_Heap_Size = 0x200
                0x0000000000000400                _Min_Stack_Size = 0x400

.isr_vector     0x0000000008000000      0x184
                0x0000000008000000                . = ALIGN (0x4)
 *(.isr_vector)
 .isr_vector    0x0000000008000000      0x184 ./Core/Startup/startup_stm32f205rgtx.o
                0x0000000008000000                g_pfnVectors
                0x0000000008000184                . = ALIGN (0x4)

.text           0x0000000008000190    0x120f4
                0x0000000008000190                . = ALIGN (0x4)
 *(.text)
 .text          0x0000000008000190       0x40 c:/st/stm32cubeide_1.7.0/stm32cubeide/plugins/com.st.stm32cube.ide.mcu.externaltools.gnu-tools-for-stm32.9-2020-q2-update.win32_2.0.0.202105311346/tools/bin/../lib/gcc/arm-none-eabi/9.3.1/thumb/v7-m/nofp/crtbegin.o
 .text          0x00000000080001d0       0x10 c:/st/stm32cubeide_1.7.0/stm32cubeide/plugins/com.st.stm32cube.ide.mcu.externaltools.gnu-tools-for-stm32.9-2020-q2-update.win32_2.0.0.202105311346/tools/bin/../lib/gcc/arm-none-eabi/9.3.1/../../../../arm-none-eabi/lib/thumb/v7-m/nofp\libc_nano.a(lib_a-strlen.o)
                0x00000000080001d0                strlen
 .text          0x00000000080001e0      0x378 c:/st/stm32cubeide_1.7.0/stm32cubeide/plugins/com.st.stm32cube.ide.mcu.externaltools.gnu-tools-for-stm32.9-2020-q2-update.win32_2.0.0.202105311346/tools/bin/../lib/gcc/arm-none-eabi/9.3.1/thumb/v7-m/nofp\libgcc.a(_arm_addsubdf3.o)
                0x00000000080001e0                __aeabi_drsub
                0x00000000080001e8                __aeabi_dsub
                0x00000000080001e8                __subdf3
                0x00000000080001ec                __aeabi_dadd
                0x00000000080001ec                __adddf3
                0x0000000008000464                __floatunsidf
                0x0000000008000464                __aeabi_ui2d
                0x0000000008000484                __floatsidf
                0x0000000008000484                __aeabi_i2d
                0x00000000080004a8                __aeabi_f2d
                0x00000000080004a8                __extendsfdf2
                0x00000000080004ec                __floatundidf
                0x00000000080004ec                __aeabi_ul2d
                0x00000000080004fc                __floatdidf
                0x00000000080004fc                __aeabi_l2d
 .text          0x0000000008000558      0x424 c:/st/stm32cubeide_1.7.0/stm32cubeide/plugins/com.st.stm32cube.ide.mcu.externaltools.gnu-tools-for-stm32.9-2020-q2-update.win32_2.0.0.202105311346/tools/bin/../lib/gcc/arm-none-eabi/9.3.1/thumb/v7-m/nofp\libgcc.a(_arm_muldivdf3.o)
                0x0000000008000558                __aeabi_dmul
                0x0000000008000558                __muldf3
                0x00000000080007ac                __divdf3
                0x00000000080007ac                __aeabi_ddiv
 .text          0x000000000800097c      0x110 c:/st/stm32cubeide_1.7.0/stm32cubeide/plugins/com.st.stm32cube.ide.mcu.externaltools.gnu-tools-for-stm32.9-2020-q2-update.win32_2.0.0.202105311346/tools/bin/../lib/gcc/arm-none-eabi/9.3.1/thumb/v7-m/nofp\libgcc.a(_arm_cmpdf2.o)
                0x000000000800097c                __gtdf2
                0x000000000800097c                __gedf2
                0x0000000008000984                __ltdf2
                0x0000000008000984                __ledf2
                0x000000000800098c                __nedf2
                0x000000000800098c                __eqdf2
                0x000000000800098c                __cmpdf2
                0x0000000008000a08                __aeabi_cdrcmple
                0x0000000008000a18                __aeabi_cdcmpeq
                0x0000000008000a18                __aeabi_cdcmple
                0x0000000008000a28                __aeabi_dcmpeq
                0x0000000008000a3c                __aeabi_dcmplt
                0x0000000008000a50                __aeabi_dcmple
                0x0000000008000a64                __aeabi_dcmpge
                0x0000000008000a78                __aeabi_dcmpgt
 .text          0x0000000008000a8c       0x2c c:/st/stm32cubeide_1.7.0/stm32cubeide/plugins/com.st.stm32cube.ide.mcu.externaltools.gnu-tools-for-stm32.9-2020-q2-update.win32_2.0.0.202105311346/tools/bin/../lib/gcc/arm-none-eabi/9.3.1/thumb/v7-m/nofp\libgcc.a(_arm_unorddf2.o)
                0x0000000008000a8c                __unorddf2
                0x0000000008000a8c                __aeabi_dcmpun
 .text          0x0000000008000ab8       0x50 c:/st/stm32cubeide_1.7.0/stm32cubeide/plugins/com.st.stm32cube.ide.mcu.externaltools.gnu-tools-for-stm32.9-2020-q2-update.win32_2.0.0.202105311346/tools/bin/../lib/gcc/arm-none-eabi/9.3.1/thumb/v7-m/nofp\libgcc.a(_arm_fixdfsi.o)
                0x0000000008000ab8                __aeabi_d2iz
                0x0000000008000ab8                __fixdfsi
 .text          0x0000000008000b08       0xa0 c:/st/stm32cubeide_1.7.0/stm32cubeide/plugins/com.st.stm32cube.ide.mcu.externaltools.gnu-tools-for-stm32.9-2020-q2-update.win32_2.0.0.202105311346/tools/bin/../lib/gcc/arm-none-eabi/9.3.1/thumb/v7-m/nofp\libgcc.a(_arm_truncdfsf2.o)
                0x0000000008000b08                __truncdfsf2
                0x0000000008000b08                __aeabi_d2f
 .text          0x0000000008000ba8      0x21c c:/st/stm32cubeide_1.7.0/stm32cubeide/plugins/com.st.stm32cube.ide.mcu.externaltools.gnu-tools-for-stm32.9-2020-q2-update.win32_2.0.0.202105311346/tools/bin/../lib/gcc/arm-none-eabi/9.3.1/thumb/v7-m/nofp\libgcc.a(_arm_addsubsf3.o)
                0x0000000008000ba8                __aeabi_frsub
                0x0000000008000bb0                __subsf3
                0x0000000008000bb0                __aeabi_fsub
                0x0000000008000bb4                __aeabi_fadd
                0x0000000008000bb4                __addsf3
                0x0000000008000d14                __aeabi_ui2f
                0x0000000008000d14                __floatunsisf
                0x0000000008000d1c                __aeabi_i2f
                0x0000000008000d1c                __floatsisf
                0x0000000008000d38                __aeabi_ul2f
                0x0000000008000d38                __floatundisf
                0x0000000008000d48                __aeabi_l2f
                0x0000000008000d48                __floatdisf
 .text          0x0000000008000dc4      0x2a0 c:/st/stm32cubeide_1.7.0/stm32cubeide/plugins/com.st.stm32cube.ide.mcu.externaltools.gnu-tools-for-stm32.9-2020-q2-update.win32_2.0.0.202105311346/tools/bin/../lib/gcc/arm-none-eabi/9.3.1/thumb/v7-m/nofp\libgcc.a(_arm_muldivsf3.o)
                0x0000000008000dc4                __mulsf3
                0x0000000008000dc4                __aeabi_fmul
                0x0000000008000f2c                __aeabi_fdiv
                0x0000000008000f2c                __divsf3
 .text          0x0000000008001064       0xec c:/st/stm32cubeide_1.7.0/stm32cubeide/plugins/com.st.stm32cube.ide.mcu.externaltools.gnu-tools-for-stm32.9-2020-q2-update.win32_2.0.0.202105311346/tools/bin/../lib/gcc/arm-none-eabi/9.3.1/thumb/v7-m/nofp\libgcc.a(_arm_cmpsf2.o)
                0x0000000008001064                __gesf2
                0x0000000008001064                __gtsf2
                0x000000000800106c                __lesf2
                0x000000000800106c                __ltsf2
                0x0000000008001074                __nesf2
                0x0000000008001074                __eqsf2
                0x0000000008001074                __cmpsf2
                0x00000000080010d4                __aeabi_cfrcmple
                0x00000000080010dc                __aeabi_cfcmpeq
                0x00000000080010dc                __aeabi_cfcmple
                0x00000000080010ec                __aeabi_fcmpeq
                0x0000000008001100                __aeabi_fcmplt
                0x0000000008001114                __aeabi_fcmple
                0x0000000008001128                __aeabi_fcmpge
                0x000000000800113c                __aeabi_fcmpgt
 .text          0x0000000008001150       0x4c c:/st/stm32cubeide_1.7.0/stm32cubeide/plugins/com.st.stm32cube.ide.mcu.externaltools.gnu-tools-for-stm32.9-2020-q2-update.win32_2.0.0.202105311346/tools/bin/../lib/gcc/arm-none-eabi/9.3.1/thumb/v7-m/nofp\libgcc.a(_arm_fixsfsi.o)
                0x0000000008001150                __aeabi_f2iz
                0x0000000008001150                __fixsfsi
 .text          0x000000000800119c       0x40 c:/st/stm32cubeide_1.7.0/stm32cubeide/plugins/com.st.stm32cube.ide.mcu.externaltools.gnu-tools-for-stm32.9-2020-q2-update.win32_2.0.0.202105311346/tools/bin/../lib/gcc/arm-none-eabi/9.3.1/thumb/v7-m/nofp\libgcc.a(_arm_fixunssfsi.o)
                0x000000000800119c                __fixunssfsi
                0x000000000800119c                __aeabi_f2uiz
 .text          0x00000000080011dc       0x30 c:/st/stm32cubeide_1.7.0/stm32cubeide/plugins/com.st.stm32cube.ide.mcu.externaltools.gnu-tools-for-stm32.9-2020-q2-update.win32_2.0.0.202105311346/tools/bin/../lib/gcc/arm-none-eabi/9.3.1/thumb/v7-m/nofp\libgcc.a(_aeabi_uldivmod.o)
                0x00000000080011dc                __aeabi_uldivmod
 .text          0x000000000800120c      0x2c4 c:/st/stm32cubeide_1.7.0/stm32cubeide/plugins/com.st.stm32cube.ide.mcu.externaltools.gnu-tools-for-stm32.9-2020-q2-update.win32_2.0.0.202105311346/tools/bin/../lib/gcc/arm-none-eabi/9.3.1/thumb/v7-m/nofp\libgcc.a(_udivmoddi4.o)
                0x000000000800120c                __udivmoddi4
 .text          0x00000000080014d0        0x4 c:/st/stm32cubeide_1.7.0/stm32cubeide/plugins/com.st.stm32cube.ide.mcu.externaltools.gnu-tools-for-stm32.9-2020-q2-update.win32_2.0.0.202105311346/tools/bin/../lib/gcc/arm-none-eabi/9.3.1/thumb/v7-m/nofp\libgcc.a(_dvmd_tls.o)
                0x00000000080014d0                __aeabi_idiv0
                0x00000000080014d0                __aeabi_ldiv0
 *(.text*)
 .text.HAL_GPIO_EXTI_Callback
                0x00000000080014d4       0xb8 ./Core/Src/main.o
                0x00000000080014d4                HAL_GPIO_EXTI_Callback
 .text.onStandBy
                0x000000000800158c      0x1cc ./Core/Src/main.o
                0x000000000800158c                onStandBy
 .text.main     0x0000000008001758       0xc8 ./Core/Src/main.o
                0x0000000008001758                main
 .text.SystemClock_Config
                0x0000000008001820       0xc0 ./Core/Src/main.o
                0x0000000008001820                SystemClock_Config
 .text.MX_I2C1_Init
                0x00000000080018e0       0x5c ./Core/Src/main.o
 .text.MX_I2C2_Init
                0x000000000800193c       0x5c ./Core/Src/main.o
 .text.MX_IWDG_Init
                0x0000000008001998       0x34 ./Core/Src/main.o
 .text.MX_RTC_Init
                0x00000000080019cc       0x9c ./Core/Src/main.o
 .text.MX_TIM14_Init
                0x0000000008001a68       0x50 ./Core/Src/main.o
 .text.MX_GPIO_Init
                0x0000000008001ab8      0x2b0 ./Core/Src/main.o
 .text.StartDefaultTask
                0x0000000008001d68      0x130 ./Core/Src/main.o
                0x0000000008001d68                StartDefaultTask
 .text.HAL_TIM_PeriodElapsedCallback
                0x0000000008001e98       0x60 ./Core/Src/main.o
                0x0000000008001e98                HAL_TIM_PeriodElapsedCallback
 .text.Error_Handler
                0x0000000008001ef8       0x1c ./Core/Src/main.o
                0x0000000008001ef8                Error_Handler
 .text.HAL_MspInit
                0x0000000008001f14       0x58 ./Core/Src/stm32f2xx_hal_msp.o
                0x0000000008001f14                HAL_MspInit
 .text.HAL_I2C_MspInit
                0x0000000008001f6c      0x108 ./Core/Src/stm32f2xx_hal_msp.o
                0x0000000008001f6c                HAL_I2C_MspInit
 .text.HAL_I2C_MspDeInit
                0x0000000008002074       0x78 ./Core/Src/stm32f2xx_hal_msp.o
                0x0000000008002074                HAL_I2C_MspDeInit
 .text.HAL_RTC_MspInit
                0x00000000080020ec       0x2c ./Core/Src/stm32f2xx_hal_msp.o
                0x00000000080020ec                HAL_RTC_MspInit
 .text.HAL_TIM_Base_MspInit
                0x0000000008002118       0x50 ./Core/Src/stm32f2xx_hal_msp.o
                0x0000000008002118                HAL_TIM_Base_MspInit
 .text.HAL_InitTick
                0x0000000008002168       0xb4 ./Core/Src/stm32f2xx_hal_timebase_tim.o
                0x0000000008002168                HAL_InitTick
 .text.NMI_Handler
                0x000000000800221c        0x6 ./Core/Src/stm32f2xx_it.o
                0x000000000800221c                NMI_Handler
 .text.HardFault_Handler
                0x0000000008002222        0x6 ./Core/Src/stm32f2xx_it.o
                0x0000000008002222                HardFault_Handler
 .text.MemManage_Handler
                0x0000000008002228        0x6 ./Core/Src/stm32f2xx_it.o
                0x0000000008002228                MemManage_Handler
 .text.BusFault_Handler
                0x000000000800222e        0x6 ./Core/Src/stm32f2xx_it.o
                0x000000000800222e                BusFault_Handler
 .text.UsageFault_Handler
                0x0000000008002234        0x6 ./Core/Src/stm32f2xx_it.o
                0x0000000008002234                UsageFault_Handler
 .text.DebugMon_Handler
                0x000000000800223a        0xc ./Core/Src/stm32f2xx_it.o
                0x000000000800223a                DebugMon_Handler
 .text.EXTI2_IRQHandler
                0x0000000008002246        0xe ./Core/Src/stm32f2xx_it.o
                0x0000000008002246                EXTI2_IRQHandler
 .text.EXTI3_IRQHandler
                0x0000000008002254        0xe ./Core/Src/stm32f2xx_it.o
                0x0000000008002254                EXTI3_IRQHandler
 .text.EXTI4_IRQHandler
                0x0000000008002262        0xe ./Core/Src/stm32f2xx_it.o
                0x0000000008002262                EXTI4_IRQHandler
 .text.EXTI9_5_IRQHandler
                0x0000000008002270       0x1e ./Core/Src/stm32f2xx_it.o
                0x0000000008002270                EXTI9_5_IRQHandler
 *fill*         0x000000000800228e        0x2 
 .text.TIM1_UP_TIM10_IRQHandler
                0x0000000008002290       0x14 ./Core/Src/stm32f2xx_it.o
                0x0000000008002290                TIM1_UP_TIM10_IRQHandler
 .text.I2C1_EV_IRQHandler
                0x00000000080022a4       0x14 ./Core/Src/stm32f2xx_it.o
                0x00000000080022a4                I2C1_EV_IRQHandler
 .text.EXTI15_10_IRQHandler
                0x00000000080022b8       0x30 ./Core/Src/stm32f2xx_it.o
                0x00000000080022b8                EXTI15_10_IRQHandler
 .text.TIM8_TRG_COM_TIM14_IRQHandler
                0x00000000080022e8       0x14 ./Core/Src/stm32f2xx_it.o
                0x00000000080022e8                TIM8_TRG_COM_TIM14_IRQHandler
 .text._sbrk    0x00000000080022fc       0x6c ./Core/Src/sysmem.o
                0x00000000080022fc                _sbrk
 .text.SystemInit
                0x0000000008002368        0xc ./Core/Src/system_stm32f2xx.o
                0x0000000008002368                SystemInit
 .text.Reset_Handler
                0x0000000008002374       0x50 ./Core/Startup/startup_stm32f205rgtx.o
                0x0000000008002374                Reset_Handler
 .text.Default_Handler
                0x00000000080023c4        0x2 ./Core/Startup/startup_stm32f205rgtx.o
                0x00000000080023c4                RTC_Alarm_IRQHandler
                0x00000000080023c4                HASH_RNG_IRQHandler
                0x00000000080023c4                TIM8_CC_IRQHandler
                0x00000000080023c4                TIM1_CC_IRQHandler
                0x00000000080023c4                DMA2_Stream5_IRQHandler
                0x00000000080023c4                DMA1_Stream5_IRQHandler
                0x00000000080023c4                PVD_IRQHandler
                0x00000000080023c4                SDIO_IRQHandler
                0x00000000080023c4                TAMP_STAMP_IRQHandler
                0x00000000080023c4                CAN2_RX1_IRQHandler
                0x00000000080023c4                TIM8_UP_TIM13_IRQHandler
                0x00000000080023c4                I2C3_ER_IRQHandler
                0x00000000080023c4                EXTI0_IRQHandler
                0x00000000080023c4                I2C2_EV_IRQHandler
                0x00000000080023c4                DMA1_Stream2_IRQHandler
                0x00000000080023c4                CAN1_RX0_IRQHandler
                0x00000000080023c4                OTG_HS_WKUP_IRQHandler
                0x00000000080023c4                CAN2_SCE_IRQHandler
                0x00000000080023c4                DMA2_Stream2_IRQHandler
                0x00000000080023c4                SPI1_IRQHandler
                0x00000000080023c4                TIM6_DAC_IRQHandler
                0x00000000080023c4                TIM1_BRK_TIM9_IRQHandler
                0x00000000080023c4                CAN2_RX0_IRQHandler
                0x00000000080023c4                DMA2_Stream3_IRQHandler
                0x00000000080023c4                USART6_IRQHandler
                0x00000000080023c4                USART3_IRQHandler
                0x00000000080023c4                CAN1_RX1_IRQHandler
                0x00000000080023c4                UART5_IRQHandler
                0x00000000080023c4                DMA2_Stream0_IRQHandler
                0x00000000080023c4                TIM4_IRQHandler
                0x00000000080023c4                DMA1_Stream6_IRQHandler
                0x00000000080023c4                DMA1_Stream1_IRQHandler
                0x00000000080023c4                UART4_IRQHandler
                0x00000000080023c4                TIM3_IRQHandler
                0x00000000080023c4                RCC_IRQHandler
                0x00000000080023c4                TIM8_BRK_TIM12_IRQHandler
                0x00000000080023c4                Default_Handler
                0x00000000080023c4                ADC_IRQHandler
                0x00000000080023c4                DMA1_Stream7_IRQHandler
                0x00000000080023c4                TIM7_IRQHandler
                0x00000000080023c4                CAN2_TX_IRQHandler
                0x00000000080023c4                TIM5_IRQHandler
                0x00000000080023c4                DMA2_Stream7_IRQHandler
                0x00000000080023c4                I2C3_EV_IRQHandler
                0x00000000080023c4                RTC_WKUP_IRQHandler
                0x00000000080023c4                SPI2_IRQHandler
                0x00000000080023c4                OTG_HS_EP1_IN_IRQHandler
                0x00000000080023c4                DMA1_Stream0_IRQHandler
                0x00000000080023c4                CAN1_TX_IRQHandler
                0x00000000080023c4                FSMC_IRQHandler
                0x00000000080023c4                OTG_HS_EP1_OUT_IRQHandler
                0x00000000080023c4                WWDG_IRQHandler
                0x00000000080023c4                TIM2_IRQHandler
                0x00000000080023c4                OTG_FS_WKUP_IRQHandler
                0x00000000080023c4                TIM1_TRG_COM_TIM11_IRQHandler
                0x00000000080023c4                OTG_HS_IRQHandler
                0x00000000080023c4                EXTI1_IRQHandler
                0x00000000080023c4                USART2_IRQHandler
                0x00000000080023c4                I2C2_ER_IRQHandler
                0x00000000080023c4                DMA2_Stream1_IRQHandler
                0x00000000080023c4                CAN1_SCE_IRQHandler
                0x00000000080023c4                FLASH_IRQHandler
                0x00000000080023c4                DMA2_Stream4_IRQHandler
                0x00000000080023c4                USART1_IRQHandler
                0x00000000080023c4                OTG_FS_IRQHandler
                0x00000000080023c4                SPI3_IRQHandler
                0x00000000080023c4                DMA1_Stream4_IRQHandler
                0x00000000080023c4                I2C1_ER_IRQHandler
                0x00000000080023c4                DMA2_Stream6_IRQHandler
                0x00000000080023c4                DMA1_Stream3_IRQHandler
 *fill*         0x00000000080023c6        0x2 
 .text.HAL_Init
                0x00000000080023c8       0x38 ./Drivers/STM32F2xx_HAL_Driver/Src/stm32f2xx_hal.o
                0x00000000080023c8                HAL_Init
 .text.HAL_IncTick
                0x0000000008002400       0x24 ./Drivers/STM32F2xx_HAL_Driver/Src/stm32f2xx_hal.o
                0x0000000008002400                HAL_IncTick
 .text.HAL_GetTick
                0x0000000008002424       0x14 ./Drivers/STM32F2xx_HAL_Driver/Src/stm32f2xx_hal.o
                0x0000000008002424                HAL_GetTick
 .text.HAL_Delay
                0x0000000008002438       0x48 ./Drivers/STM32F2xx_HAL_Driver/Src/stm32f2xx_hal.o
                0x0000000008002438                HAL_Delay
 .text.HAL_GetUIDw0
                0x0000000008002480       0x14 ./Drivers/STM32F2xx_HAL_Driver/Src/stm32f2xx_hal.o
                0x0000000008002480                HAL_GetUIDw0
 .text.HAL_GetUIDw1
                0x0000000008002494       0x14 ./Drivers/STM32F2xx_HAL_Driver/Src/stm32f2xx_hal.o
                0x0000000008002494                HAL_GetUIDw1
 .text.HAL_GetUIDw2
                0x00000000080024a8       0x14 ./Drivers/STM32F2xx_HAL_Driver/Src/stm32f2xx_hal.o
                0x00000000080024a8                HAL_GetUIDw2
 .text.__NVIC_SetPriorityGrouping
                0x00000000080024bc       0x48 ./Drivers/STM32F2xx_HAL_Driver/Src/stm32f2xx_hal_cortex.o
 .text.__NVIC_GetPriorityGrouping
                0x0000000008002504       0x1c ./Drivers/STM32F2xx_HAL_Driver/Src/stm32f2xx_hal_cortex.o
 .text.__NVIC_EnableIRQ
                0x0000000008002520       0x38 ./Drivers/STM32F2xx_HAL_Driver/Src/stm32f2xx_hal_cortex.o
 .text.__NVIC_DisableIRQ
                0x0000000008002558       0x48 ./Drivers/STM32F2xx_HAL_Driver/Src/stm32f2xx_hal_cortex.o
 .text.__NVIC_SetPriority
                0x00000000080025a0       0x54 ./Drivers/STM32F2xx_HAL_Driver/Src/stm32f2xx_hal_cortex.o
 .text.NVIC_EncodePriority
                0x00000000080025f4       0x64 ./Drivers/STM32F2xx_HAL_Driver/Src/stm32f2xx_hal_cortex.o
 .text.__NVIC_SystemReset
                0x0000000008002658       0x2c ./Drivers/STM32F2xx_HAL_Driver/Src/stm32f2xx_hal_cortex.o
 .text.HAL_NVIC_SetPriorityGrouping
                0x0000000008002684       0x16 ./Drivers/STM32F2xx_HAL_Driver/Src/stm32f2xx_hal_cortex.o
                0x0000000008002684                HAL_NVIC_SetPriorityGrouping
 .text.HAL_NVIC_SetPriority
                0x000000000800269a       0x38 ./Drivers/STM32F2xx_HAL_Driver/Src/stm32f2xx_hal_cortex.o
                0x000000000800269a                HAL_NVIC_SetPriority
 .text.HAL_NVIC_EnableIRQ
                0x00000000080026d2       0x1c ./Drivers/STM32F2xx_HAL_Driver/Src/stm32f2xx_hal_cortex.o
                0x00000000080026d2                HAL_NVIC_EnableIRQ
 .text.HAL_NVIC_DisableIRQ
                0x00000000080026ee       0x1c ./Drivers/STM32F2xx_HAL_Driver/Src/stm32f2xx_hal_cortex.o
                0x00000000080026ee                HAL_NVIC_DisableIRQ
 .text.HAL_NVIC_SystemReset
                0x000000000800270a        0x8 ./Drivers/STM32F2xx_HAL_Driver/Src/stm32f2xx_hal_cortex.o
                0x000000000800270a                HAL_NVIC_SystemReset
 .text.HAL_DMA_Abort_IT
                0x0000000008002712       0x42 ./Drivers/STM32F2xx_HAL_Driver/Src/stm32f2xx_hal_dma.o
                0x0000000008002712                HAL_DMA_Abort_IT
 .text.HAL_DMA_GetState
                0x0000000008002754       0x1a ./Drivers/STM32F2xx_HAL_Driver/Src/stm32f2xx_hal_dma.o
                0x0000000008002754                HAL_DMA_GetState
 *fill*         0x000000000800276e        0x2 
 .text.HAL_GPIO_Init
                0x0000000008002770      0x33c ./Drivers/STM32F2xx_HAL_Driver/Src/stm32f2xx_hal_gpio.o
                0x0000000008002770                HAL_GPIO_Init
 .text.HAL_GPIO_DeInit
                0x0000000008002aac      0x1fc ./Drivers/STM32F2xx_HAL_Driver/Src/stm32f2xx_hal_gpio.o
                0x0000000008002aac                HAL_GPIO_DeInit
 .text.HAL_GPIO_ReadPin
                0x0000000008002ca8       0x2e ./Drivers/STM32F2xx_HAL_Driver/Src/stm32f2xx_hal_gpio.o
                0x0000000008002ca8                HAL_GPIO_ReadPin
 .text.HAL_GPIO_WritePin
                0x0000000008002cd6       0x30 ./Drivers/STM32F2xx_HAL_Driver/Src/stm32f2xx_hal_gpio.o
                0x0000000008002cd6                HAL_GPIO_WritePin
 *fill*         0x0000000008002d06        0x2 
 .text.HAL_GPIO_EXTI_IRQHandler
                0x0000000008002d08       0x30 ./Drivers/STM32F2xx_HAL_Driver/Src/stm32f2xx_hal_gpio.o
                0x0000000008002d08                HAL_GPIO_EXTI_IRQHandler
 .text.HAL_I2C_Init
                0x0000000008002d38      0x288 ./Drivers/STM32F2xx_HAL_Driver/Src/stm32f2xx_hal_i2c.o
                0x0000000008002d38                HAL_I2C_Init
 .text.HAL_I2C_DeInit
                0x0000000008002fc0       0x5e ./Drivers/STM32F2xx_HAL_Driver/Src/stm32f2xx_hal_i2c.o
                0x0000000008002fc0                HAL_I2C_DeInit
 *fill*         0x000000000800301e        0x2 
 .text.HAL_I2C_Master_Transmit
                0x0000000008003020      0x1fc ./Drivers/STM32F2xx_HAL_Driver/Src/stm32f2xx_hal_i2c.o
                0x0000000008003020                HAL_I2C_Master_Transmit
 .text.HAL_I2C_Master_Receive
                0x000000000800321c      0x44c ./Drivers/STM32F2xx_HAL_Driver/Src/stm32f2xx_hal_i2c.o
                0x000000000800321c                HAL_I2C_Master_Receive
 .text.HAL_I2C_IsDeviceReady
                0x0000000008003668      0x25c ./Drivers/STM32F2xx_HAL_Driver/Src/stm32f2xx_hal_i2c.o
                0x0000000008003668                HAL_I2C_IsDeviceReady
 .text.HAL_I2C_EV_IRQHandler
                0x00000000080038c4      0x2e2 ./Drivers/STM32F2xx_HAL_Driver/Src/stm32f2xx_hal_i2c.o
                0x00000000080038c4                HAL_I2C_EV_IRQHandler
 .text.HAL_I2C_MasterTxCpltCallback
                0x0000000008003ba6       0x12 ./Drivers/STM32F2xx_HAL_Driver/Src/stm32f2xx_hal_i2c.o
                0x0000000008003ba6                HAL_I2C_MasterTxCpltCallback
 .text.HAL_I2C_MasterRxCpltCallback
                0x0000000008003bb8       0x12 ./Drivers/STM32F2xx_HAL_Driver/Src/stm32f2xx_hal_i2c.o
                0x0000000008003bb8                HAL_I2C_MasterRxCpltCallback
 .text.HAL_I2C_SlaveTxCpltCallback
                0x0000000008003bca       0x12 ./Drivers/STM32F2xx_HAL_Driver/Src/stm32f2xx_hal_i2c.o
                0x0000000008003bca                HAL_I2C_SlaveTxCpltCallback
 .text.HAL_I2C_SlaveRxCpltCallback
                0x0000000008003bdc       0x12 ./Drivers/STM32F2xx_HAL_Driver/Src/stm32f2xx_hal_i2c.o
                0x0000000008003bdc                HAL_I2C_SlaveRxCpltCallback
 .text.HAL_I2C_AddrCallback
                0x0000000008003bee       0x1a ./Drivers/STM32F2xx_HAL_Driver/Src/stm32f2xx_hal_i2c.o
                0x0000000008003bee                HAL_I2C_AddrCallback
 .text.HAL_I2C_ListenCpltCallback
                0x0000000008003c08       0x12 ./Drivers/STM32F2xx_HAL_Driver/Src/stm32f2xx_hal_i2c.o
                0x0000000008003c08                HAL_I2C_ListenCpltCallback
 .text.HAL_I2C_MemTxCpltCallback
                0x0000000008003c1a       0x12 ./Drivers/STM32F2xx_HAL_Driver/Src/stm32f2xx_hal_i2c.o
                0x0000000008003c1a                HAL_I2C_MemTxCpltCallback
 .text.HAL_I2C_MemRxCpltCallback
                0x0000000008003c2c       0x12 ./Drivers/STM32F2xx_HAL_Driver/Src/stm32f2xx_hal_i2c.o
                0x0000000008003c2c                HAL_I2C_MemRxCpltCallback
 .text.HAL_I2C_ErrorCallback
                0x0000000008003c3e       0x12 ./Drivers/STM32F2xx_HAL_Driver/Src/stm32f2xx_hal_i2c.o
                0x0000000008003c3e                HAL_I2C_ErrorCallback
 .text.HAL_I2C_AbortCpltCallback
                0x0000000008003c50       0x12 ./Drivers/STM32F2xx_HAL_Driver/Src/stm32f2xx_hal_i2c.o
                0x0000000008003c50                HAL_I2C_AbortCpltCallback
 .text.I2C_MasterTransmit_TXE
                0x0000000008003c62      0x138 ./Drivers/STM32F2xx_HAL_Driver/Src/stm32f2xx_hal_i2c.o
 .text.I2C_MasterTransmit_BTF
                0x0000000008003d9a       0xec ./Drivers/STM32F2xx_HAL_Driver/Src/stm32f2xx_hal_i2c.o
 .text.I2C_MemoryTransmit_TXE_BTF
                0x0000000008003e86      0x128 ./Drivers/STM32F2xx_HAL_Driver/Src/stm32f2xx_hal_i2c.o
 .text.I2C_MasterReceive_RXNE
                0x0000000008003fae      0x162 ./Drivers/STM32F2xx_HAL_Driver/Src/stm32f2xx_hal_i2c.o
 .text.I2C_MasterReceive_BTF
                0x0000000008004110      0x1d4 ./Drivers/STM32F2xx_HAL_Driver/Src/stm32f2xx_hal_i2c.o
 .text.I2C_Master_SB
                0x00000000080042e4      0x10a ./Drivers/STM32F2xx_HAL_Driver/Src/stm32f2xx_hal_i2c.o
 .text.I2C_Master_ADD10
                0x00000000080043ee       0x52 ./Drivers/STM32F2xx_HAL_Driver/Src/stm32f2xx_hal_i2c.o
 .text.I2C_Master_ADDR
                0x0000000008004440      0x320 ./Drivers/STM32F2xx_HAL_Driver/Src/stm32f2xx_hal_i2c.o
 .text.I2C_SlaveTransmit_TXE
                0x0000000008004760       0x7a ./Drivers/STM32F2xx_HAL_Driver/Src/stm32f2xx_hal_i2c.o
 .text.I2C_SlaveTransmit_BTF
                0x00000000080047da       0x40 ./Drivers/STM32F2xx_HAL_Driver/Src/stm32f2xx_hal_i2c.o
 .text.I2C_SlaveReceive_RXNE
                0x000000000800481a       0x7c ./Drivers/STM32F2xx_HAL_Driver/Src/stm32f2xx_hal_i2c.o
 .text.I2C_SlaveReceive_BTF
                0x0000000008004896       0x42 ./Drivers/STM32F2xx_HAL_Driver/Src/stm32f2xx_hal_i2c.o
 .text.I2C_Slave_ADDR
                0x00000000080048d8       0x94 ./Drivers/STM32F2xx_HAL_Driver/Src/stm32f2xx_hal_i2c.o
 .text.I2C_Slave_STOPF
                0x000000000800496c      0x260 ./Drivers/STM32F2xx_HAL_Driver/Src/stm32f2xx_hal_i2c.o
 .text.I2C_ITError
                0x0000000008004bcc      0x264 ./Drivers/STM32F2xx_HAL_Driver/Src/stm32f2xx_hal_i2c.o
 .text.I2C_MasterRequestWrite
                0x0000000008004e30      0x104 ./Drivers/STM32F2xx_HAL_Driver/Src/stm32f2xx_hal_i2c.o
 .text.I2C_MasterRequestRead
                0x0000000008004f34      0x19c ./Drivers/STM32F2xx_HAL_Driver/Src/stm32f2xx_hal_i2c.o
 .text.I2C_DMAAbort
                0x00000000080050d0      0x150 ./Drivers/STM32F2xx_HAL_Driver/Src/stm32f2xx_hal_i2c.o
 .text.I2C_WaitOnFlagUntilTimeout
                0x0000000008005220       0xae ./Drivers/STM32F2xx_HAL_Driver/Src/stm32f2xx_hal_i2c.o
 .text.I2C_WaitOnMasterAddressFlagUntilTimeout
                0x00000000080052ce       0xfe ./Drivers/STM32F2xx_HAL_Driver/Src/stm32f2xx_hal_i2c.o
 .text.I2C_WaitOnTXEFlagUntilTimeout
                0x00000000080053cc       0x82 ./Drivers/STM32F2xx_HAL_Driver/Src/stm32f2xx_hal_i2c.o
 .text.I2C_WaitOnBTFFlagUntilTimeout
                0x000000000800544e       0x82 ./Drivers/STM32F2xx_HAL_Driver/Src/stm32f2xx_hal_i2c.o
 .text.I2C_WaitOnSTOPRequestThroughIT
                0x00000000080054d0       0x64 ./Drivers/STM32F2xx_HAL_Driver/Src/stm32f2xx_hal_i2c.o
 .text.I2C_WaitOnRXNEFlagUntilTimeout
                0x0000000008005534       0xac ./Drivers/STM32F2xx_HAL_Driver/Src/stm32f2xx_hal_i2c.o
 .text.I2C_IsAcknowledgeFailed
                0x00000000080055e0       0x5c ./Drivers/STM32F2xx_HAL_Driver/Src/stm32f2xx_hal_i2c.o
 .text.I2C_ConvertOtherXferOptions
                0x000000000800563c       0x34 ./Drivers/STM32F2xx_HAL_Driver/Src/stm32f2xx_hal_i2c.o
 .text.HAL_IWDG_Init
                0x0000000008005670       0x84 ./Drivers/STM32F2xx_HAL_Driver/Src/stm32f2xx_hal_iwdg.o
                0x0000000008005670                HAL_IWDG_Init
 .text.HAL_IWDG_Refresh
                0x00000000080056f4       0x1e ./Drivers/STM32F2xx_HAL_Driver/Src/stm32f2xx_hal_iwdg.o
                0x00000000080056f4                HAL_IWDG_Refresh
 *fill*         0x0000000008005712        0x2 
 .text.HAL_PWREx_EnableBkUpReg
                0x0000000008005714       0x68 ./Drivers/STM32F2xx_HAL_Driver/Src/stm32f2xx_hal_pwr_ex.o
                0x0000000008005714                HAL_PWREx_EnableBkUpReg
 .text.HAL_RCC_OscConfig
                0x000000000800577c      0x4a0 ./Drivers/STM32F2xx_HAL_Driver/Src/stm32f2xx_hal_rcc.o
                0x000000000800577c                HAL_RCC_OscConfig
 .text.HAL_RCC_ClockConfig
                0x0000000008005c1c      0x1d8 ./Drivers/STM32F2xx_HAL_Driver/Src/stm32f2xx_hal_rcc.o
                0x0000000008005c1c                HAL_RCC_ClockConfig
 .text.HAL_RCC_GetSysClockFreq
                0x0000000008005df4      0x16c ./Drivers/STM32F2xx_HAL_Driver/Src/stm32f2xx_hal_rcc.o
                0x0000000008005df4                HAL_RCC_GetSysClockFreq
 .text.HAL_RCC_GetHCLKFreq
                0x0000000008005f60       0x14 ./Drivers/STM32F2xx_HAL_Driver/Src/stm32f2xx_hal_rcc.o
                0x0000000008005f60                HAL_RCC_GetHCLKFreq
 .text.HAL_RCC_GetPCLK1Freq
                0x0000000008005f74       0x44 ./Drivers/STM32F2xx_HAL_Driver/Src/stm32f2xx_hal_rcc.o
                0x0000000008005f74                HAL_RCC_GetPCLK1Freq
 .text.HAL_RCC_GetPCLK2Freq
                0x0000000008005fb8       0x44 ./Drivers/STM32F2xx_HAL_Driver/Src/stm32f2xx_hal_rcc.o
                0x0000000008005fb8                HAL_RCC_GetPCLK2Freq
 .text.HAL_RCC_GetClockConfig
                0x0000000008005ffc       0x60 ./Drivers/STM32F2xx_HAL_Driver/Src/stm32f2xx_hal_rcc.o
                0x0000000008005ffc                HAL_RCC_GetClockConfig
 .text.HAL_RCCEx_PeriphCLKConfig
                0x000000000800605c      0x1ec ./Drivers/STM32F2xx_HAL_Driver/Src/stm32f2xx_hal_rcc_ex.o
                0x000000000800605c                HAL_RCCEx_PeriphCLKConfig
 .text.HAL_RTC_Init
                0x0000000008006248      0x114 ./Drivers/STM32F2xx_HAL_Driver/Src/stm32f2xx_hal_rtc.o
                0x0000000008006248                HAL_RTC_Init
 .text.HAL_RTC_SetTime
                0x000000000800635c      0x16c ./Drivers/STM32F2xx_HAL_Driver/Src/stm32f2xx_hal_rtc.o
                0x000000000800635c                HAL_RTC_SetTime
 .text.HAL_RTC_GetTime
                0x00000000080064c8       0xa4 ./Drivers/STM32F2xx_HAL_Driver/Src/stm32f2xx_hal_rtc.o
                0x00000000080064c8                HAL_RTC_GetTime
 .text.HAL_RTC_SetDate
                0x000000000800656c      0x140 ./Drivers/STM32F2xx_HAL_Driver/Src/stm32f2xx_hal_rtc.o
                0x000000000800656c                HAL_RTC_SetDate
 .text.HAL_RTC_GetDate
                0x00000000080066ac       0x9e ./Drivers/STM32F2xx_HAL_Driver/Src/stm32f2xx_hal_rtc.o
                0x00000000080066ac                HAL_RTC_GetDate
 .text.HAL_RTC_WaitForSynchro
                0x000000000800674a       0x50 ./Drivers/STM32F2xx_HAL_Driver/Src/stm32f2xx_hal_rtc.o
                0x000000000800674a                HAL_RTC_WaitForSynchro
 .text.RTC_EnterInitMode
                0x000000000800679a       0x58 ./Drivers/STM32F2xx_HAL_Driver/Src/stm32f2xx_hal_rtc.o
                0x000000000800679a                RTC_EnterInitMode
 .text.RTC_ByteToBcd2
                0x00000000080067f2       0x3a ./Drivers/STM32F2xx_HAL_Driver/Src/stm32f2xx_hal_rtc.o
                0x00000000080067f2                RTC_ByteToBcd2
 .text.RTC_Bcd2ToByte
                0x000000000800682c       0x3a ./Drivers/STM32F2xx_HAL_Driver/Src/stm32f2xx_hal_rtc.o
                0x000000000800682c                RTC_Bcd2ToByte
 .text.HAL_RTCEx_BKUPWrite
                0x0000000008006866       0x32 ./Drivers/STM32F2xx_HAL_Driver/Src/stm32f2xx_hal_rtc_ex.o
                0x0000000008006866                HAL_RTCEx_BKUPWrite
 .text.HAL_RTCEx_BKUPRead
                0x0000000008006898       0x2e ./Drivers/STM32F2xx_HAL_Driver/Src/stm32f2xx_hal_rtc_ex.o
                0x0000000008006898                HAL_RTCEx_BKUPRead
 .text.HAL_TIM_Base_Init
                0x00000000080068c6       0x9e ./Drivers/STM32F2xx_HAL_Driver/Src/stm32f2xx_hal_tim.o
                0x00000000080068c6                HAL_TIM_Base_Init
 .text.HAL_TIM_Base_Start_IT
                0x0000000008006964       0xdc ./Drivers/STM32F2xx_HAL_Driver/Src/stm32f2xx_hal_tim.o
                0x0000000008006964                HAL_TIM_Base_Start_IT
 .text.HAL_TIM_IRQHandler
                0x0000000008006a40      0x210 ./Drivers/STM32F2xx_HAL_Driver/Src/stm32f2xx_hal_tim.o
                0x0000000008006a40                HAL_TIM_IRQHandler
 .text.HAL_TIM_OC_DelayElapsedCallback
                0x0000000008006c50       0x12 ./Drivers/STM32F2xx_HAL_Driver/Src/stm32f2xx_hal_tim.o
                0x0000000008006c50                HAL_TIM_OC_DelayElapsedCallback
 .text.HAL_TIM_IC_CaptureCallback
                0x0000000008006c62       0x12 ./Drivers/STM32F2xx_HAL_Driver/Src/stm32f2xx_hal_tim.o
                0x0000000008006c62                HAL_TIM_IC_CaptureCallback
 .text.HAL_TIM_PWM_PulseFinishedCallback
                0x0000000008006c74       0x12 ./Drivers/STM32F2xx_HAL_Driver/Src/stm32f2xx_hal_tim.o
                0x0000000008006c74                HAL_TIM_PWM_PulseFinishedCallback
 .text.HAL_TIM_TriggerCallback
                0x0000000008006c86       0x12 ./Drivers/STM32F2xx_HAL_Driver/Src/stm32f2xx_hal_tim.o
                0x0000000008006c86                HAL_TIM_TriggerCallback
 .text.TIM_Base_SetConfig
                0x0000000008006c98      0x13c ./Drivers/STM32F2xx_HAL_Driver/Src/stm32f2xx_hal_tim.o
                0x0000000008006c98                TIM_Base_SetConfig
 .text.HAL_TIMEx_CommutCallback
                0x0000000008006dd4       0x12 ./Drivers/STM32F2xx_HAL_Driver/Src/stm32f2xx_hal_tim_ex.o
                0x0000000008006dd4                HAL_TIMEx_CommutCallback
 .text.HAL_TIMEx_BreakCallback
                0x0000000008006de6       0x12 ./Drivers/STM32F2xx_HAL_Driver/Src/stm32f2xx_hal_tim_ex.o
                0x0000000008006de6                HAL_TIMEx_BreakCallback
 .text.initButton_pin
                0x0000000008006df8       0xf0 ./Drivers/Task/button/buttonThread.o
 .text.buttonSetPressed
                0x0000000008006ee8       0x5c ./Drivers/Task/button/buttonThread.o
 .text.buttonAttachReleased
                0x0000000008006f44       0x3c ./Drivers/Task/button/buttonThread.o
 .text.buttonAttachPressed
                0x0000000008006f80       0x3c ./Drivers/Task/button/buttonThread.o
 .text.buttonAttachDoublePressed
                0x0000000008006fbc       0x3c ./Drivers/Task/button/buttonThread.o
 .text.buttonAttachLongPressed
                0x0000000008006ff8       0x3c ./Drivers/Task/button/buttonThread.o
 .text.buttonDettachPressed
                0x0000000008007034       0x38 ./Drivers/Task/button/buttonThread.o
 .text.buttonDettachReleased
                0x000000000800706c       0x38 ./Drivers/Task/button/buttonThread.o
 .text.buttonDettachDoublePressed
                0x00000000080070a4       0x38 ./Drivers/Task/button/buttonThread.o
 .text.buttonDettachLongPressed
                0x00000000080070dc       0x38 ./Drivers/Task/button/buttonThread.o
 .text.buttonClearISR
                0x0000000008007114       0x38 ./Drivers/Task/button/buttonThread.o
 .text.buttonAttachAnyPressed
                0x000000000800714c       0x1c ./Drivers/Task/button/buttonThread.o
 .text.buttonDettachAnyPressed
                0x0000000008007168       0x18 ./Drivers/Task/button/buttonThread.o
 .text.buttonGetLastStatus
                0x0000000008007180       0x2c ./Drivers/Task/button/buttonThread.o
 .text.buttonStartTask
                0x00000000080071ac       0x18 ./Drivers/Task/button/buttonThread.o
 .text.taskButton
                0x00000000080071c4       0x88 ./Drivers/Task/button/buttonThread.o
                0x00000000080071c4                taskButton
 .text.interfaceDelay
                0x000000000800724c       0x16 ./Drivers/Task/interface/interface.o
                0x000000000800724c                interfaceDelay
 *fill*         0x0000000008007262        0x2 
 .text.interface_linkingTimeDate
                0x0000000008007264       0x24 ./Drivers/Task/interface/interface.o
                0x0000000008007264                interface_linkingTimeDate
 .text.interface_linkingMeasurement
                0x0000000008007288       0x54 ./Drivers/Task/interface/interface.o
                0x0000000008007288                interface_linkingMeasurement
 .text.interface_linkingStatusFlag
                0x00000000080072dc       0x2c ./Drivers/Task/interface/interface.o
                0x00000000080072dc                interface_linkingStatusFlag
 .text.interface_linkingSystemSet
                0x0000000008007308       0x24 ./Drivers/Task/interface/interface.o
                0x0000000008007308                interface_linkingSystemSet
 .text.interface_isReady
                0x000000000800732c       0x14 ./Drivers/Task/interface/interface.o
                0x000000000800732c                interface_isReady
 .text.interface_initButton
                0x0000000008007340       0x40 ./Drivers/Task/interface/interface.o
                0x0000000008007340                interface_initButton
 .text.interface_deInitButton
                0x0000000008007380       0x38 ./Drivers/Task/interface/interface.o
                0x0000000008007380                interface_deInitButton
 .text.interface_init
                0x00000000080073b8       0x9c ./Drivers/Task/interface/interface.o
                0x00000000080073b8                interface_init
 .text.interface_nextPage
                0x0000000008007454       0x30 ./Drivers/Task/interface/interface.o
                0x0000000008007454                interface_nextPage
 .text.interface_previousPage
                0x0000000008007484       0x38 ./Drivers/Task/interface/interface.o
                0x0000000008007484                interface_previousPage
 .text.interface_onShutdown
                0x00000000080074bc       0xac ./Drivers/Task/interface/interface.o
                0x00000000080074bc                interface_onShutdown
 .text.interface_onMenu
                0x0000000008007568       0x18 ./Drivers/Task/interface/interface.o
                0x0000000008007568                interface_onMenu
 .text.interface_drawHeader
                0x0000000008007580      0x138 ./Drivers/Task/interface/interface.o
                0x0000000008007580                interface_drawHeader
 .text.interface_drawPage1
                0x00000000080076b8      0x2d4 ./Drivers/Task/interface/interface.o
                0x00000000080076b8                interface_drawPage1
 .text.interface_drawPage2
                0x000000000800798c      0x1c8 ./Drivers/Task/interface/interface.o
                0x000000000800798c                interface_drawPage2
 .text.interface_showNotification
                0x0000000008007b54      0x254 ./Drivers/Task/interface/interface.o
                0x0000000008007b54                interface_showNotification
 .text.interface_drawNotification
                0x0000000008007da8      0x2a4 ./Drivers/Task/interface/interface.o
                0x0000000008007da8                interface_drawNotification
 .text.interface_buttonBeep
                0x000000000800804c       0x24 ./Drivers/Task/interface/interface.o
                0x000000000800804c                interface_buttonBeep
 .text.InterfaceTask
                0x0000000008008070      0x244 ./Drivers/Task/interface/interface.o
                0x0000000008008070                InterfaceTask
 .text.interfaceAbout_onPressed
                0x00000000080082b4       0x18 ./Drivers/Task/interface/setting/interfaceAbout.o
                0x00000000080082b4                interfaceAbout_onPressed
 .text.interfaceAbout_onNext
                0x00000000080082cc       0x30 ./Drivers/Task/interface/setting/interfaceAbout.o
                0x00000000080082cc                interfaceAbout_onNext
 .text.interfaceAbout_onPrevious
                0x00000000080082fc       0x30 ./Drivers/Task/interface/setting/interfaceAbout.o
                0x00000000080082fc                interfaceAbout_onPrevious
 .text.interfaceAbout_init
                0x000000000800832c       0x8c ./Drivers/Task/interface/setting/interfaceAbout.o
                0x000000000800832c                interfaceAbout_init
 .text.interfaceAbout_deInit
                0x00000000080083b8       0x38 ./Drivers/Task/interface/setting/interfaceAbout.o
                0x00000000080083b8                interfaceAbout_deInit
 .text.interfaceAbout_loop
                0x00000000080083f0       0xe4 ./Drivers/Task/interface/setting/interfaceAbout.o
                0x00000000080083f0                interfaceAbout_loop
 .text.interfaceMenu_onPrevious
                0x00000000080084d4       0x18 ./Drivers/Task/interface/setting/interfaceMenu.o
                0x00000000080084d4                interfaceMenu_onPrevious
 .text.interfaceMenu_onNext
                0x00000000080084ec       0x18 ./Drivers/Task/interface/setting/interfaceMenu.o
                0x00000000080084ec                interfaceMenu_onNext
 .text.interfaceMenu_onOK
                0x0000000008008504       0x24 ./Drivers/Task/interface/setting/interfaceMenu.o
                0x0000000008008504                interfaceMenu_onOK
 .text.interfaceMenu_initButton
                0x0000000008008528       0x40 ./Drivers/Task/interface/setting/interfaceMenu.o
                0x0000000008008528                interfaceMenu_initButton
 .text.interfaceMenu_init
                0x0000000008008568       0x54 ./Drivers/Task/interface/setting/interfaceMenu.o
                0x0000000008008568                interfaceMenu_init
 .text.interfaceMenu_deInit
                0x00000000080085bc       0x2c ./Drivers/Task/interface/setting/interfaceMenu.o
                0x00000000080085bc                interfaceMenu_deInit
 .text.interfaceMenu_loop
                0x00000000080085e8       0xbc ./Drivers/Task/interface/setting/interfaceMenu.o
                0x00000000080085e8                interfaceMenu_loop
 .text.normalizeMinimumTemperature
                0x00000000080086a4       0x4c ./Drivers/Task/interface/setting/interfaceParameter.o
 .text.normalizeMinimumHumidity
                0x00000000080086f0       0x4c ./Drivers/Task/interface/setting/interfaceParameter.o
 *fill*         0x000000000800873c        0x4 
 .text.interfaceParameter_onPrevious
                0x0000000008008740       0xa0 ./Drivers/Task/interface/setting/interfaceParameter.o
                0x0000000008008740                interfaceParameter_onPrevious
 .text.interfaceParameter_onNext
                0x00000000080087e0       0xb0 ./Drivers/Task/interface/setting/interfaceParameter.o
                0x00000000080087e0                interfaceParameter_onNext
 .text.interfaceParameter_onOK
                0x0000000008008890       0x24 ./Drivers/Task/interface/setting/interfaceParameter.o
                0x0000000008008890                interfaceParameter_onOK
 .text.interfaceParameter_onAccept
                0x00000000080088b4       0x18 ./Drivers/Task/interface/setting/interfaceParameter.o
                0x00000000080088b4                interfaceParameter_onAccept
 .text.interfaceParameter_buttonInit
                0x00000000080088cc       0x44 ./Drivers/Task/interface/setting/interfaceParameter.o
                0x00000000080088cc                interfaceParameter_buttonInit
 .text.interfaceParameter_init
                0x0000000008008910       0x68 ./Drivers/Task/interface/setting/interfaceParameter.o
                0x0000000008008910                interfaceParameter_init
 .text.interfaceParameter_deInit
                0x0000000008008978       0x14 ./Drivers/Task/interface/setting/interfaceParameter.o
                0x0000000008008978                interfaceParameter_deInit
 .text.interfaceParameter_updateList
                0x000000000800898c       0x44 ./Drivers/Task/interface/setting/interfaceParameter.o
 .text.interfaceParameter_blinkingValue
                0x00000000080089d0       0xd4 ./Drivers/Task/interface/setting/interfaceParameter.o
 .text.interfaceParameter_loop
                0x0000000008008aa4      0x288 ./Drivers/Task/interface/setting/interfaceParameter.o
                0x0000000008008aa4                interfaceParameter_loop
 .text.getMaxDayOf
                0x0000000008008d2c       0x80 ./Drivers/Task/interface/setting/interfaceTimeDate.o
 .text.interfaceTimeDate_updateList
                0x0000000008008dac       0x44 ./Drivers/Task/interface/setting/interfaceTimeDate.o
 .text.interfaceTimeDate_onMenuNext
                0x0000000008008df0       0x18 ./Drivers/Task/interface/setting/interfaceTimeDate.o
 .text.interfaceTimeDate_onMenuPrevious
                0x0000000008008e08       0x18 ./Drivers/Task/interface/setting/interfaceTimeDate.o
 .text.interfaceTimeDate_onMenuOK
                0x0000000008008e20       0x24 ./Drivers/Task/interface/setting/interfaceTimeDate.o
 .text.interfaceTimeDate_onNextCursor
                0x0000000008008e44       0x1c ./Drivers/Task/interface/setting/interfaceTimeDate.o
 .text.interfaceTimeDate_onUp
                0x0000000008008e60      0x100 ./Drivers/Task/interface/setting/interfaceTimeDate.o
 .text.interfaceTimeDate_onDown
                0x0000000008008f60      0x100 ./Drivers/Task/interface/setting/interfaceTimeDate.o
 .text.interfaceTimeDate_init
                0x0000000008009060       0x64 ./Drivers/Task/interface/setting/interfaceTimeDate.o
 .text.interfaceTimeDate_initButton
                0x00000000080090c4       0x38 ./Drivers/Task/interface/setting/interfaceTimeDate.o
 .text.interfaceTimeDate_deInitButton
                0x00000000080090fc       0x2c ./Drivers/Task/interface/setting/interfaceTimeDate.o
 .text.interfaceTimeDate_blinkingLine
                0x0000000008009128       0xbc ./Drivers/Task/interface/setting/interfaceTimeDate.o
 .text.interfaceTimeDate_loop
                0x00000000080091e4      0x1cc ./Drivers/Task/interface/setting/interfaceTimeDate.o
                0x00000000080091e4                interfaceTimeDate_loop
 .text.DWT_Delay_Init
                0x00000000080093b0       0x7c ./Drivers/Task/sensor/sensor.o
 .text.DWT_Delay_us
                0x000000000800942c       0x50 ./Drivers/Task/sensor/sensor.o
 .text.sensor_getAirSensorFlag
                0x000000000800947c       0x14 ./Drivers/Task/sensor/sensor.o
 .text.sensor_getFinSensorFlag
                0x0000000008009490       0x14 ./Drivers/Task/sensor/sensor.o
 .text.sensor_getFinTemperature
                0x00000000080094a4       0x24 ./Drivers/Task/sensor/sensor.o
 .text.sensor_getAirTemperature
                0x00000000080094c8       0x18 ./Drivers/Task/sensor/sensor.o
 .text.sensor_getAirRH
                0x00000000080094e0       0x18 ./Drivers/Task/sensor/sensor.o
 .text.sensor_getPhaseFrequency
                0x00000000080094f8       0x28 ./Drivers/Task/sensor/sensor.o
 .text.sensor_getPG_status
                0x0000000008009520       0x18 ./Drivers/Task/sensor/sensor.o
 .text.sensor_getWaterFlow_Frequency
                0x0000000008009538       0x14 ./Drivers/Task/sensor/sensor.o
 .text.sensor_getWaterFlow_inLPM
                0x000000000800954c       0x14 ./Drivers/Task/sensor/sensor.o
 .text.sensor_getWaterFlow_const
                0x0000000008009560       0x14 ./Drivers/Task/sensor/sensor.o
 .text.sensor_setWaterFlow_const
                0x0000000008009574       0x1c ./Drivers/Task/sensor/sensor.o
 .text.sensor_getWaterLevel_inPercent
                0x0000000008009590       0x14 ./Drivers/Task/sensor/sensor.o
 .text.sensor_getTankHeigth_const
                0x00000000080095a4       0x14 ./Drivers/Task/sensor/sensor.o
 .text.sensor_setTankHeight_const
                0x00000000080095b8       0x1c ./Drivers/Task/sensor/sensor.o
 .text.sensor_phaseCountingUp
                0x00000000080095d4       0x34 ./Drivers/Task/sensor/sensor.o
                0x00000000080095d4                sensor_phaseCountingUp
 .text.sensor_phaseUpdateFrequency
                0x0000000008009608       0xe0 ./Drivers/Task/sensor/sensor.o
                0x0000000008009608                sensor_phaseUpdateFrequency
 .text.sensor_waterFlowCountingUp
                0x00000000080096e8       0x1c ./Drivers/Task/sensor/sensor.o
                0x00000000080096e8                sensor_waterFlowCountingUp
 .text.sensor_waterFlowUpdateFrequency
                0x0000000008009704       0x88 ./Drivers/Task/sensor/sensor.o
                0x0000000008009704                sensor_waterFlowUpdateFrequency
 .text.pulseIn  0x000000000800978c       0xc0 ./Drivers/Task/sensor/sensor.o
                0x000000000800978c                pulseIn
 *fill*         0x000000000800984c        0x4 
 .text.ultrasonic_measuring
                0x0000000008009850       0x94 ./Drivers/Task/sensor/sensor.o
 .text.sensor_waterLevelMeasuring
                0x00000000080098e4       0x80 ./Drivers/Task/sensor/sensor.o
 .text.sensorInit
                0x0000000008009964       0xd8 ./Drivers/Task/sensor/sensor.o
                0x0000000008009964                sensorInit
 .text.sensorTaskOnStart
                0x0000000008009a3c       0x18 ./Drivers/Task/sensor/sensor.o
 .text.sensorTaskOnPause
                0x0000000008009a54       0x1c ./Drivers/Task/sensor/sensor.o
 .text.sensorTaskOnResume
                0x0000000008009a70       0x1c ./Drivers/Task/sensor/sensor.o
 .text.SensorTask
                0x0000000008009a8c      0x1dc ./Drivers/Task/sensor/sensor.o
                0x0000000008009a8c                SensorTask
 .text.normalizeMinimumTemperature
                0x0000000008009c68       0x4c ./Drivers/Task/system/system.o
 .text.normalizeMinimumHumidity
                0x0000000008009cb4       0x4c ./Drivers/Task/system/system.o
 .text.systemInputInterrupt_handler
                0x0000000008009d00       0xf4 ./Drivers/Task/system/system.o
                0x0000000008009d00                systemInputInterrupt_handler
 .text.system_resetMemory
                0x0000000008009df4       0x4c ./Drivers/Task/system/system.o
 .text.system_initIO
                0x0000000008009e40       0x5c ./Drivers/Task/system/system.o
 .text.system_updateTank
                0x0000000008009e9c       0xb4 ./Drivers/Task/system/system.o
 .text.system_updateFin
                0x0000000008009f50       0xd4 ./Drivers/Task/system/system.o
 .text.system_checkERROR
                0x000000000800a024       0x78 ./Drivers/Task/system/system.o
 .text.system_getError
                0x000000000800a09c       0x18 ./Drivers/Task/system/system.o
 .text.system_getErrorMsg
                0x000000000800a0b4       0x80 ./Drivers/Task/system/system.o
                0x000000000800a0b4                system_getErrorMsg
 .text.system_updateFlag
                0x000000000800a134       0xb4 ./Drivers/Task/system/system.o
 .text.system_updateTotalVolume
                0x000000000800a1e8       0x64 ./Drivers/Task/system/system.o
 .text.system_updateOutput
                0x000000000800a24c      0x21c ./Drivers/Task/system/system.o
 .text.system_beeper
                0x000000000800a468       0x48 ./Drivers/Task/system/system.o
                0x000000000800a468                system_beeper
 .text.system_getTankStatusStr
                0x000000000800a4b0       0x64 ./Drivers/Task/system/system.o
                0x000000000800a4b0                system_getTankStatusStr
 .text.system_getTankModeStr
                0x000000000800a514       0x4c ./Drivers/Task/system/system.o
                0x000000000800a514                system_getTankModeStr
 .text.system_getStatus
                0x000000000800a560       0x50 ./Drivers/Task/system/system.o
                0x000000000800a560                system_getStatus
 .text.taskSystem
                0x000000000800a5b0      0x350 ./Drivers/Task/system/system.o
                0x000000000800a5b0                taskSystem
 .text.systemRuning
                0x000000000800a900      0x160 ./Drivers/Task/system/system.o
 .text.system_resetLog
                0x000000000800aa60       0x18 ./Drivers/Task/system/system.o
                0x000000000800aa60                system_resetLog
 .text.getUUID  0x000000000800aa78       0x60 ./Drivers/lib/BSP/BSP.o
                0x000000000800aa78                getUUID
 .text.ftoa     0x000000000800aad8      0x1d4 ./Drivers/lib/BSP/BSP.o
                0x000000000800aad8                ftoa
 .text.digitalRead
                0x000000000800acac       0x22 ./Drivers/lib/Button/Button.o
 *fill*         0x000000000800acce        0x2 
 .text.button_create
                0x000000000800acd0       0x6c ./Drivers/lib/Button/Button.o
 .text.button_SetHoldTime
                0x000000000800ad3c       0x1a ./Drivers/lib/Button/Button.o
 .text.button_SetDebounceTime
                0x000000000800ad56       0x1a ./Drivers/lib/Button/Button.o
 .text.button_Pressed
                0x000000000800ad70       0x1a ./Drivers/lib/Button/Button.o
 .text.delete_Button_pressed
                0x000000000800ad8a       0x18 ./Drivers/lib/Button/Button.o
 .text.button_DoublePressed
                0x000000000800ada2       0x1a ./Drivers/lib/Button/Button.o
 .text.button_Held
                0x000000000800adbc       0x1a ./Drivers/lib/Button/Button.o
 .text.delete_Button_held
                0x000000000800add6       0x18 ./Drivers/lib/Button/Button.o
 .text.button_Released
                0x000000000800adee       0x1a ./Drivers/lib/Button/Button.o
 .text.delete_Button_released
                0x000000000800ae08       0x18 ./Drivers/lib/Button/Button.o
 .text.delete_Button_doublePressed
                0x000000000800ae20       0x18 ./Drivers/lib/Button/Button.o
 .text.button_clearAllISR
                0x000000000800ae38       0x2a ./Drivers/lib/Button/Button.o
 .text.button_check
                0x000000000800ae62      0x1ec ./Drivers/lib/Button/Button.o
 *fill*         0x000000000800b04e        0x2 
 .text.button_GetHeldTime
                0x000000000800b050       0x40 ./Drivers/lib/Button/Button.o
 .text.button_setTick
                0x000000000800b090       0x1a ./Drivers/lib/Button/Button.o
 *fill*         0x000000000800b0aa        0x2 
 .text.ds18b20_validFamily
                0x000000000800b0ac       0x4c ./Drivers/lib/DS18b20/ds18b20.o
                0x000000000800b0ac                ds18b20_validFamily
 .text.ds18b20_validAddress
                0x000000000800b0f8       0x2c ./Drivers/lib/DS18b20/ds18b20.o
                0x000000000800b0f8                ds18b20_validAddress
 .text.ds18b20_readPowerSupply
                0x000000000800b124       0x6c ./Drivers/lib/DS18b20/ds18b20.o
                0x000000000800b124                ds18b20_readPowerSupply
 .text.ds18b20_rawToCelsius
                0x000000000800b190       0x3c ./Drivers/lib/DS18b20/ds18b20.o
                0x000000000800b190                ds18b20_rawToCelsius
 .text.ds18b20_isAllZeros
                0x000000000800b1cc       0x3a ./Drivers/lib/DS18b20/ds18b20.o
                0x000000000800b1cc                ds18b20_isAllZeros
 .text.ds18b20_init
                0x000000000800b206      0x12c ./Drivers/lib/DS18b20/ds18b20.o
                0x000000000800b206                ds18b20_init
 .text.ds18b20_resetSearch
                0x000000000800b332       0x1e ./Drivers/lib/DS18b20/ds18b20.o
                0x000000000800b332                ds18b20_resetSearch
 .text.ds18b20_calculateTemperature
                0x000000000800b350       0x76 ./Drivers/lib/DS18b20/ds18b20.o
                0x000000000800b350                ds18b20_calculateTemperature
 .text.ds18b20_requestTemperatures
                0x000000000800b3c6       0x46 ./Drivers/lib/DS18b20/ds18b20.o
                0x000000000800b3c6                ds18b20_requestTemperatures
 .text.ds18b20_getTempCByAddress
                0x000000000800b40c       0x54 ./Drivers/lib/DS18b20/ds18b20.o
                0x000000000800b40c                ds18b20_getTempCByAddress
 .text.ds18b20_getResolution
                0x000000000800b460       0x42 ./Drivers/lib/DS18b20/ds18b20.o
                0x000000000800b460                ds18b20_getResolution
 .text.ds18b20_readScratchpad_
                0x000000000800b4a2       0x88 ./Drivers/lib/DS18b20/ds18b20.o
                0x000000000800b4a2                ds18b20_readScratchpad_
 .text.ds18b20_searchAddress
                0x000000000800b52a       0x62 ./Drivers/lib/DS18b20/ds18b20.o
                0x000000000800b52a                ds18b20_searchAddress
 .text.ds18b20_isConnected_
                0x000000000800b58c       0x66 ./Drivers/lib/DS18b20/ds18b20.o
                0x000000000800b58c                ds18b20_isConnected_
 *fill*         0x000000000800b5f2        0x2 
 .text.ds18b20_delayForConversion
                0x000000000800b5f4       0x74 ./Drivers/lib/DS18b20/ds18b20.o
                0x000000000800b5f4                ds18b20_delayForConversion
 .text.DWT_Delay_us
                0x000000000800b668       0x50 ./Drivers/lib/DS18b20/myOneWire.o
 .text.TM_GPIO_SetPinAsInput
                0x000000000800b6b8       0x50 ./Drivers/lib/DS18b20/myOneWire.o
                0x000000000800b6b8                TM_GPIO_SetPinAsInput
 .text.TM_GPIO_SetPinAsOutput
                0x000000000800b708       0x5c ./Drivers/lib/DS18b20/myOneWire.o
                0x000000000800b708                TM_GPIO_SetPinAsOutput
 .text.myOneWire_begin
                0x000000000800b764       0x44 ./Drivers/lib/DS18b20/myOneWire.o
                0x000000000800b764                myOneWire_begin
 .text.myOneWire_reset
                0x000000000800b7a8       0xa8 ./Drivers/lib/DS18b20/myOneWire.o
                0x000000000800b7a8                myOneWire_reset
 .text.myOneWire_write_bit
                0x000000000800b850       0x84 ./Drivers/lib/DS18b20/myOneWire.o
                0x000000000800b850                myOneWire_write_bit
 .text.myOneWire_read_bit
                0x000000000800b8d4       0x6a ./Drivers/lib/DS18b20/myOneWire.o
                0x000000000800b8d4                myOneWire_read_bit
 .text.myOneWire_write
                0x000000000800b93e       0x68 ./Drivers/lib/DS18b20/myOneWire.o
                0x000000000800b93e                myOneWire_write
 .text.myOneWire_read
                0x000000000800b9a6       0x3c ./Drivers/lib/DS18b20/myOneWire.o
                0x000000000800b9a6                myOneWire_read
 .text.myOneWire_select
                0x000000000800b9e2       0x42 ./Drivers/lib/DS18b20/myOneWire.o
                0x000000000800b9e2                myOneWire_select
 .text.myOneWire_skip
                0x000000000800ba24       0x1a ./Drivers/lib/DS18b20/myOneWire.o
                0x000000000800ba24                myOneWire_skip
 .text.myOneWire_reset_search
                0x000000000800ba3e       0x44 ./Drivers/lib/DS18b20/myOneWire.o
                0x000000000800ba3e                myOneWire_reset_search
 .text.myOneWire_search
                0x000000000800ba82      0x1bc ./Drivers/lib/DS18b20/myOneWire.o
                0x000000000800ba82                myOneWire_search
 .text.myOneWire_crc8
                0x000000000800bc3e       0x6e ./Drivers/lib/DS18b20/myOneWire.o
                0x000000000800bc3e                myOneWire_crc8
 .text.menuDisplay_create
                0x000000000800bcac       0x3c ./Drivers/lib/Display/menuDisplay.o
                0x000000000800bcac                menuDisplay_create
 .text.menuDisplay_next
                0x000000000800bce8       0x36 ./Drivers/lib/Display/menuDisplay.o
                0x000000000800bce8                menuDisplay_next
 .text.menuDisplay_previous
                0x000000000800bd1e       0x46 ./Drivers/lib/Display/menuDisplay.o
                0x000000000800bd1e                menuDisplay_previous
 .text.menuDisplay_resetPosition
                0x000000000800bd64       0x18 ./Drivers/lib/Display/menuDisplay.o
                0x000000000800bd64                menuDisplay_resetPosition
 .text.menuDisplay_getPosition
                0x000000000800bd7c       0x16 ./Drivers/lib/Display/menuDisplay.o
                0x000000000800bd7c                menuDisplay_getPosition
 .text.menuDisplay_setMenu
                0x000000000800bd92       0x24 ./Drivers/lib/Display/menuDisplay.o
                0x000000000800bd92                menuDisplay_setMenu
 .text.menuDisplay_attachDateTime
                0x000000000800bdb6       0x22 ./Drivers/lib/Display/menuDisplay.o
                0x000000000800bdb6                menuDisplay_attachDateTime
 .text.menuDisplay_setTitle
                0x000000000800bdd8       0x24 ./Drivers/lib/Display/menuDisplay.o
                0x000000000800bdd8                menuDisplay_setTitle
 .text.menuDisplay_setCursor
                0x000000000800bdfc       0x1a ./Drivers/lib/Display/menuDisplay.o
                0x000000000800bdfc                menuDisplay_setCursor
 *fill*         0x000000000800be16        0x2 
 .text.menuDisplay_drawHeader
                0x000000000800be18      0x148 ./Drivers/lib/Display/menuDisplay.o
                0x000000000800be18                menuDisplay_drawHeader
 .text.menuDisplay_drawMenu
                0x000000000800bf60      0x184 ./Drivers/lib/Display/menuDisplay.o
                0x000000000800bf60                menuDisplay_drawMenu
 .text.menuDisplay_draw
                0x000000000800c0e4       0x30 ./Drivers/lib/Display/menuDisplay.o
                0x000000000800c0e4                menuDisplay_draw
 .text.splScr_attachHalt
                0x000000000800c114       0x1c ./Drivers/lib/Display/splashScreen.o
 .text.splScr_halt
                0x000000000800c130       0x2c ./Drivers/lib/Display/splashScreen.o
 .text.splScr_init
                0x000000000800c15c       0x44 ./Drivers/lib/Display/splashScreen.o
 .text.splScr_displaySplash
                0x000000000800c1a0      0x10c ./Drivers/lib/Display/splashScreen.o
 .text.DWT_Delay_Init
                0x000000000800c2ac       0x7c ./Drivers/lib/LCD/MCP23017_LCD12864.o
 .text.DWT_Delay_us
                0x000000000800c328       0x50 ./Drivers/lib/LCD/MCP23017_LCD12864.o
 .text.lcd_initDriverIO
                0x000000000800c378      0x108 ./Drivers/lib/LCD/MCP23017_LCD12864.o
 .text.lcd_create
                0x000000000800c480       0x34 ./Drivers/lib/LCD/MCP23017_LCD12864.o
 .text.lcd_writeRegister
                0x000000000800c4b4       0x68 ./Drivers/lib/LCD/MCP23017_LCD12864.o
 .text.lcd_writeRegisterPort
                0x000000000800c51c       0x70 ./Drivers/lib/LCD/MCP23017_LCD12864.o
 .text.lcd_transfer
                0x000000000800c58c       0x80 ./Drivers/lib/LCD/MCP23017_LCD12864.o
 .text.lcd_onParallelMode
                0x000000000800c60c       0x4a ./Drivers/lib/LCD/MCP23017_LCD12864.o
 *fill*         0x000000000800c656        0x2 
 .text.lcd_fillBuffer
                0x000000000800c658       0x30 ./Drivers/lib/LCD/MCP23017_LCD12864.o
 .text.lcd_clearBuffer
                0x000000000800c688        0xe ./Drivers/lib/LCD/MCP23017_LCD12864.o
 .text.lcd_clear
                0x000000000800c696       0xea ./Drivers/lib/LCD/MCP23017_LCD12864.o
 .text.lcd_sendBuffer
                0x000000000800c780      0x184 ./Drivers/lib/LCD/MCP23017_LCD12864.o
 .text.lcd_setBL_off
                0x000000000800c904       0x28 ./Drivers/lib/LCD/MCP23017_LCD12864.o
 .text.lcd_setBL_on
                0x000000000800c92c       0x28 ./Drivers/lib/LCD/MCP23017_LCD12864.o
 .text.lcdBase_utf8
                0x000000000800c954       0x94 ./Drivers/lib/LCD/MCP23017_LCD12864.o
 .text.lcdBase_write
                0x000000000800c9e8       0xb8 ./Drivers/lib/LCD/MCP23017_LCD12864.o
 .text.lcdBase_write_char
                0x000000000800caa0      0x124 ./Drivers/lib/LCD/MCP23017_LCD12864.o
 .text.lcdBase_getWitdthStr
                0x000000000800cbc4       0xc8 ./Drivers/lib/LCD/MCP23017_LCD12864.o
                0x000000000800cbc4                lcdBase_getWitdthStr
 .text.lcdBase_write_str
                0x000000000800cc8c       0x36 ./Drivers/lib/LCD/MCP23017_LCD12864.o
 *fill*         0x000000000800ccc2        0x2 
 .text.lcdBase_setFont
                0x000000000800ccc4       0x48 ./Drivers/lib/LCD/MCP23017_LCD12864.o
 .text.lcdBase_invertingText
                0x000000000800cd0c       0x2c ./Drivers/lib/LCD/MCP23017_LCD12864.o
 .text.lcdBase_drawText
                0x000000000800cd38       0x44 ./Drivers/lib/LCD/MCP23017_LCD12864.o
 .text.lcdBase_drawPixel
                0x000000000800cd7c       0xb8 ./Drivers/lib/LCD/MCP23017_LCD12864.o
 .text.lcdBase_drawHLine
                0x000000000800ce34       0x6e ./Drivers/lib/LCD/MCP23017_LCD12864.o
 .text.lcdBase_drawVLine
                0x000000000800cea2       0x6e ./Drivers/lib/LCD/MCP23017_LCD12864.o
 .text.lcdBase_drawBox
                0x000000000800cf10       0x86 ./Drivers/lib/LCD/MCP23017_LCD12864.o
 .text.lcdBase_drawFillBox
                0x000000000800cf96       0x38 ./Drivers/lib/LCD/MCP23017_LCD12864.o
 .text.lcdBase_drawCircle
                0x000000000800cfce      0x16a ./Drivers/lib/LCD/MCP23017_LCD12864.o
 .text.lcdBase_drawFillCircle
                0x000000000800d138      0x110 ./Drivers/lib/LCD/MCP23017_LCD12864.o
 .text.lcdBase_drawBitmap
                0x000000000800d248      0x360 ./Drivers/lib/LCD/MCP23017_LCD12864.o
 .text.weekDayOf
                0x000000000800d5a8      0x120 ./Drivers/lib/RTC/stm32_rtc.o
 .text.rtc_init
                0x000000000800d6c8       0x9c ./Drivers/lib/RTC/stm32_rtc.o
                0x000000000800d6c8                rtc_init
 .text.rtc_getDateTime
                0x000000000800d764       0x58 ./Drivers/lib/RTC/stm32_rtc.o
                0x000000000800d764                rtc_getDateTime
 .text.rtc_setDateTime
                0x000000000800d7bc       0x70 ./Drivers/lib/RTC/stm32_rtc.o
                0x000000000800d7bc                rtc_setDateTime
 .text.rtc_get_memory
                0x000000000800d82c       0x5c ./Drivers/lib/RTC/stm32_rtc.o
                0x000000000800d82c                rtc_get_memory
 .text.rtc_put_memory
                0x000000000800d888       0x6c ./Drivers/lib/RTC/stm32_rtc.o
                0x000000000800d888                rtc_put_memory
 .text.SHTC3_CalcTemperature
                0x000000000800d8f4       0x44 ./Drivers/lib/SHTC3/shtc3.o
 .text.SHTC3_CalcHumidity
                0x000000000800d938       0x38 ./Drivers/lib/SHTC3/shtc3.o
 .text.SHTC3_sendCMD
                0x000000000800d970       0x40 ./Drivers/lib/SHTC3/shtc3.o
 .text.SHTC3_read
                0x000000000800d9b0       0x3c ./Drivers/lib/SHTC3/shtc3.o
 .text.SHTC3_detect
                0x000000000800d9ec       0x34 ./Drivers/lib/SHTC3/shtc3.o
 .text.SHTC3_wakeup
                0x000000000800da20       0x2e ./Drivers/lib/SHTC3/shtc3.o
 .text.SHTC3_sleep
                0x000000000800da4e       0x34 ./Drivers/lib/SHTC3/shtc3.o
 .text.SHTC3_begin
                0x000000000800da82       0x48 ./Drivers/lib/SHTC3/shtc3.o
 .text.SHTC3_getEvent
                0x000000000800daca       0x9c ./Drivers/lib/SHTC3/shtc3.o
 .text.SHTC3_getTemperature
                0x000000000800db66       0x1c ./Drivers/lib/SHTC3/shtc3.o
 .text.SHTC3_getHumidity
                0x000000000800db82       0x1c ./Drivers/lib/SHTC3/shtc3.o
 *fill*         0x000000000800db9e        0x2 
 .text.osKernelInitialize
                0x000000000800dba0       0x64 ./Middlewares/Third_Party/FreeRTOS/Source/CMSIS_RTOS_V2/cmsis_os2.o
                0x000000000800dba0                osKernelInitialize
 .text.osKernelStart
                0x000000000800dc04       0x68 ./Middlewares/Third_Party/FreeRTOS/Source/CMSIS_RTOS_V2/cmsis_os2.o
                0x000000000800dc04                osKernelStart
 .text.osKernelGetTickCount
                0x000000000800dc6c       0x50 ./Middlewares/Third_Party/FreeRTOS/Source/CMSIS_RTOS_V2/cmsis_os2.o
                0x000000000800dc6c                osKernelGetTickCount
 .text.osThreadNew
                0x000000000800dcbc      0x158 ./Middlewares/Third_Party/FreeRTOS/Source/CMSIS_RTOS_V2/cmsis_os2.o
                0x000000000800dcbc                osThreadNew
 .text.osThreadSuspend
                0x000000000800de14       0x68 ./Middlewares/Third_Party/FreeRTOS/Source/CMSIS_RTOS_V2/cmsis_os2.o
                0x000000000800de14                osThreadSuspend
 .text.osDelay  0x000000000800de7c       0x5c ./Middlewares/Third_Party/FreeRTOS/Source/CMSIS_RTOS_V2/cmsis_os2.o
                0x000000000800de7c                osDelay
 .text.vApplicationGetIdleTaskMemory
                0x000000000800ded8       0x34 ./Middlewares/Third_Party/FreeRTOS/Source/CMSIS_RTOS_V2/cmsis_os2.o
                0x000000000800ded8                vApplicationGetIdleTaskMemory
 .text.vApplicationGetTimerTaskMemory
                0x000000000800df0c       0x34 ./Middlewares/Third_Party/FreeRTOS/Source/CMSIS_RTOS_V2/cmsis_os2.o
                0x000000000800df0c                vApplicationGetTimerTaskMemory
 .text.vListInitialise
                0x000000000800df40       0x3e ./Middlewares/Third_Party/FreeRTOS/Source/list.o
                0x000000000800df40                vListInitialise
 .text.vListInitialiseItem
                0x000000000800df7e       0x18 ./Middlewares/Third_Party/FreeRTOS/Source/list.o
                0x000000000800df7e                vListInitialiseItem
 .text.vListInsertEnd
                0x000000000800df96       0x46 ./Middlewares/Third_Party/FreeRTOS/Source/list.o
                0x000000000800df96                vListInsertEnd
 .text.vListInsert
                0x000000000800dfdc       0x70 ./Middlewares/Third_Party/FreeRTOS/Source/list.o
                0x000000000800dfdc                vListInsert
 .text.uxListRemove
                0x000000000800e04c       0x52 ./Middlewares/Third_Party/FreeRTOS/Source/list.o
                0x000000000800e04c                uxListRemove
 *fill*         0x000000000800e09e        0x2 
 .text.xQueueGenericReset
                0x000000000800e0a0       0xd0 ./Middlewares/Third_Party/FreeRTOS/Source/queue.o
                0x000000000800e0a0                xQueueGenericReset
 .text.xQueueGenericCreateStatic
                0x000000000800e170       0xee ./Middlewares/Third_Party/FreeRTOS/Source/queue.o
                0x000000000800e170                xQueueGenericCreateStatic
 .text.prvInitialiseNewQueue
                0x000000000800e25e       0x46 ./Middlewares/Third_Party/FreeRTOS/Source/queue.o
 .text.xQueueGenericSend
                0x000000000800e2a4      0x1fc ./Middlewares/Third_Party/FreeRTOS/Source/queue.o
                0x000000000800e2a4                xQueueGenericSend
 .text.xQueueGenericSendFromISR
                0x000000000800e4a0      0x130 ./Middlewares/Third_Party/FreeRTOS/Source/queue.o
                0x000000000800e4a0                xQueueGenericSendFromISR
 .text.xQueueReceive
                0x000000000800e5d0      0x1c0 ./Middlewares/Third_Party/FreeRTOS/Source/queue.o
                0x000000000800e5d0                xQueueReceive
 .text.prvCopyDataToQueue
                0x000000000800e790       0xd4 ./Middlewares/Third_Party/FreeRTOS/Source/queue.o
 .text.prvCopyDataFromQueue
                0x000000000800e864       0x4c ./Middlewares/Third_Party/FreeRTOS/Source/queue.o
 .text.prvUnlockQueue
                0x000000000800e8b0       0xa4 ./Middlewares/Third_Party/FreeRTOS/Source/queue.o
 .text.prvIsQueueEmpty
                0x000000000800e954       0x2c ./Middlewares/Third_Party/FreeRTOS/Source/queue.o
 .text.prvIsQueueFull
                0x000000000800e980       0x30 ./Middlewares/Third_Party/FreeRTOS/Source/queue.o
 .text.vQueueAddToRegistry
                0x000000000800e9b0       0x50 ./Middlewares/Third_Party/FreeRTOS/Source/queue.o
                0x000000000800e9b0                vQueueAddToRegistry
 .text.vQueueWaitForMessageRestricted
                0x000000000800ea00       0x68 ./Middlewares/Third_Party/FreeRTOS/Source/queue.o
                0x000000000800ea00                vQueueWaitForMessageRestricted
 .text.xTaskCreateStatic
                0x000000000800ea68       0xb8 ./Middlewares/Third_Party/FreeRTOS/Source/tasks.o
                0x000000000800ea68                xTaskCreateStatic
 .text.xTaskCreate
                0x000000000800eb20       0x8a ./Middlewares/Third_Party/FreeRTOS/Source/tasks.o
                0x000000000800eb20                xTaskCreate
 *fill*         0x000000000800ebaa        0x2 
 .text.prvInitialiseNewTask
                0x000000000800ebac      0x13c ./Middlewares/Third_Party/FreeRTOS/Source/tasks.o
 .text.prvAddNewTaskToReadyList
                0x000000000800ece8       0xe0 ./Middlewares/Third_Party/FreeRTOS/Source/tasks.o
 .text.vTaskDelay
                0x000000000800edc8       0x68 ./Middlewares/Third_Party/FreeRTOS/Source/tasks.o
                0x000000000800edc8                vTaskDelay
 .text.vTaskSuspend
                0x000000000800ee30       0xec ./Middlewares/Third_Party/FreeRTOS/Source/tasks.o
                0x000000000800ee30                vTaskSuspend
 .text.prvTaskIsTaskSuspended
                0x000000000800ef1c       0x74 ./Middlewares/Third_Party/FreeRTOS/Source/tasks.o
 .text.vTaskResume
                0x000000000800ef90       0xbc ./Middlewares/Third_Party/FreeRTOS/Source/tasks.o
                0x000000000800ef90                vTaskResume
 .text.vTaskStartScheduler
                0x000000000800f04c       0xe0 ./Middlewares/Third_Party/FreeRTOS/Source/tasks.o
                0x000000000800f04c                vTaskStartScheduler
 .text.vTaskSuspendAll
                0x000000000800f12c       0x1c ./Middlewares/Third_Party/FreeRTOS/Source/tasks.o
                0x000000000800f12c                vTaskSuspendAll
 .text.xTaskResumeAll
                0x000000000800f148      0x13c ./Middlewares/Third_Party/FreeRTOS/Source/tasks.o
                0x000000000800f148                xTaskResumeAll
 .text.xTaskGetTickCount
                0x000000000800f284       0x1c ./Middlewares/Third_Party/FreeRTOS/Source/tasks.o
                0x000000000800f284                xTaskGetTickCount
 .text.xTaskGetTickCountFromISR
                0x000000000800f2a0       0x24 ./Middlewares/Third_Party/FreeRTOS/Source/tasks.o
                0x000000000800f2a0                xTaskGetTickCountFromISR
 .text.xTaskIncrementTick
                0x000000000800f2c4      0x17c ./Middlewares/Third_Party/FreeRTOS/Source/tasks.o
                0x000000000800f2c4                xTaskIncrementTick
 .text.vTaskSwitchContext
                0x000000000800f440       0xc8 ./Middlewares/Third_Party/FreeRTOS/Source/tasks.o
                0x000000000800f440                vTaskSwitchContext
 .text.vTaskPlaceOnEventList
                0x000000000800f508       0x48 ./Middlewares/Third_Party/FreeRTOS/Source/tasks.o
                0x000000000800f508                vTaskPlaceOnEventList
 .text.vTaskPlaceOnEventListRestricted
                0x000000000800f550       0x58 ./Middlewares/Third_Party/FreeRTOS/Source/tasks.o
                0x000000000800f550                vTaskPlaceOnEventListRestricted
 .text.xTaskRemoveFromEventList
                0x000000000800f5a8       0xc8 ./Middlewares/Third_Party/FreeRTOS/Source/tasks.o
                0x000000000800f5a8                xTaskRemoveFromEventList
 .text.vTaskInternalSetTimeOutState
                0x000000000800f670       0x2c ./Middlewares/Third_Party/FreeRTOS/Source/tasks.o
                0x000000000800f670                vTaskInternalSetTimeOutState
 .text.xTaskCheckForTimeOut
                0x000000000800f69c       0xc4 ./Middlewares/Third_Party/FreeRTOS/Source/tasks.o
                0x000000000800f69c                xTaskCheckForTimeOut
 .text.vTaskMissedYield
                0x000000000800f760       0x18 ./Middlewares/Third_Party/FreeRTOS/Source/tasks.o
                0x000000000800f760                vTaskMissedYield
 .text.prvIdleTask
                0x000000000800f778       0x30 ./Middlewares/Third_Party/FreeRTOS/Source/tasks.o
 .text.prvInitialiseTaskLists
                0x000000000800f7a8       0x80 ./Middlewares/Third_Party/FreeRTOS/Source/tasks.o
 .text.prvCheckTasksWaitingTermination
                0x000000000800f828       0x5c ./Middlewares/Third_Party/FreeRTOS/Source/tasks.o
 .text.prvDeleteTCB
                0x000000000800f884       0x68 ./Middlewares/Third_Party/FreeRTOS/Source/tasks.o
 .text.prvResetNextTaskUnblockTime
                0x000000000800f8ec       0x48 ./Middlewares/Third_Party/FreeRTOS/Source/tasks.o
 .text.xTaskGetSchedulerState
                0x000000000800f934       0x3c ./Middlewares/Third_Party/FreeRTOS/Source/tasks.o
                0x000000000800f934                xTaskGetSchedulerState
 .text.xTaskPriorityDisinherit
                0x000000000800f970       0xdc ./Middlewares/Third_Party/FreeRTOS/Source/tasks.o
                0x000000000800f970                xTaskPriorityDisinherit
 .text.prvAddCurrentTaskToDelayedList
                0x000000000800fa4c       0xa8 ./Middlewares/Third_Party/FreeRTOS/Source/tasks.o
 .text.xTimerCreateTimerTask
                0x000000000800faf4       0x90 ./Middlewares/Third_Party/FreeRTOS/Source/timers.o
                0x000000000800faf4                xTimerCreateTimerTask
 .text.xTimerGenericCommand
                0x000000000800fb84       0x9c ./Middlewares/Third_Party/FreeRTOS/Source/timers.o
                0x000000000800fb84                xTimerGenericCommand
 .text.prvProcessExpiredTimer
                0x000000000800fc20       0x80 ./Middlewares/Third_Party/FreeRTOS/Source/timers.o
 .text.prvTimerTask
                0x000000000800fca0       0x24 ./Middlewares/Third_Party/FreeRTOS/Source/timers.o
 .text.prvProcessTimerOrBlockTask
                0x000000000800fcc4       0x9c ./Middlewares/Third_Party/FreeRTOS/Source/timers.o
 .text.prvGetNextExpireTime
                0x000000000800fd60       0x48 ./Middlewares/Third_Party/FreeRTOS/Source/timers.o
 .text.prvSampleTimeNow
                0x000000000800fda8       0x40 ./Middlewares/Third_Party/FreeRTOS/Source/timers.o
 .text.prvInsertTimerInActiveList
                0x000000000800fde8       0x84 ./Middlewares/Third_Party/FreeRTOS/Source/timers.o
 .text.prvProcessReceivedCommands
                0x000000000800fe6c      0x168 ./Middlewares/Third_Party/FreeRTOS/Source/timers.o
 .text.prvSwitchTimerLists
                0x000000000800ffd4       0xc4 ./Middlewares/Third_Party/FreeRTOS/Source/timers.o
 .text.prvCheckForValidListAndQueue
                0x0000000008010098       0x80 ./Middlewares/Third_Party/FreeRTOS/Source/timers.o
 .text.pxPortInitialiseStack
                0x0000000008010118       0x58 ./Middlewares/Third_Party/FreeRTOS/Source/portable/GCC/ARM_CM3/port.o
                0x0000000008010118                pxPortInitialiseStack
 .text.prvTaskExitError
                0x0000000008010170       0x58 ./Middlewares/Third_Party/FreeRTOS/Source/portable/GCC/ARM_CM3/port.o
 *fill*         0x00000000080101c8        0x8 
 .text.SVC_Handler
                0x00000000080101d0       0x28 ./Middlewares/Third_Party/FreeRTOS/Source/portable/GCC/ARM_CM3/port.o
                0x00000000080101d0                SVC_Handler
 .text.prvPortStartFirstTask
                0x00000000080101f8       0x20 ./Middlewares/Third_Party/FreeRTOS/Source/portable/GCC/ARM_CM3/port.o
 .text.xPortStartScheduler
                0x0000000008010218       0xe4 ./Middlewares/Third_Party/FreeRTOS/Source/portable/GCC/ARM_CM3/port.o
                0x0000000008010218                xPortStartScheduler
 .text.vPortEnterCritical
                0x00000000080102fc       0x60 ./Middlewares/Third_Party/FreeRTOS/Source/portable/GCC/ARM_CM3/port.o
                0x00000000080102fc                vPortEnterCritical
 .text.vPortExitCritical
                0x000000000801035c       0x50 ./Middlewares/Third_Party/FreeRTOS/Source/portable/GCC/ARM_CM3/port.o
                0x000000000801035c                vPortExitCritical
 *fill*         0x00000000080103ac        0x4 
 .text.PendSV_Handler
                0x00000000080103b0       0x48 ./Middlewares/Third_Party/FreeRTOS/Source/portable/GCC/ARM_CM3/port.o
                0x00000000080103b0                PendSV_Handler
 .text.SysTick_Handler
                0x00000000080103f8       0x44 ./Middlewares/Third_Party/FreeRTOS/Source/portable/GCC/ARM_CM3/port.o
                0x00000000080103f8                SysTick_Handler
 .text.vPortSetupTimerInterrupt
                0x000000000801043c       0x44 ./Middlewares/Third_Party/FreeRTOS/Source/portable/GCC/ARM_CM3/port.o
                0x000000000801043c                vPortSetupTimerInterrupt
 .text.vPortValidateInterruptPriority
                0x0000000008010480       0x7c ./Middlewares/Third_Party/FreeRTOS/Source/portable/GCC/ARM_CM3/port.o
                0x0000000008010480                vPortValidateInterruptPriority
 .text.pvPortMalloc
                0x00000000080104fc      0x188 ./Middlewares/Third_Party/FreeRTOS/Source/portable/MemMang/heap_4.o
                0x00000000080104fc                pvPortMalloc
 .text.vPortFree
                0x0000000008010684       0xb4 ./Middlewares/Third_Party/FreeRTOS/Source/portable/MemMang/heap_4.o
                0x0000000008010684                vPortFree
 .text.prvHeapInit
                0x0000000008010738       0xc4 ./Middlewares/Third_Party/FreeRTOS/Source/portable/MemMang/heap_4.o
 .text.prvInsertBlockIntoFreeList
                0x00000000080107fc       0xb0 ./Middlewares/Third_Party/FreeRTOS/Source/portable/MemMang/heap_4.o
 .text.__errno  0x00000000080108ac        0xc c:/st/stm32cubeide_1.7.0/stm32cubeide/plugins/com.st.stm32cube.ide.mcu.externaltools.gnu-tools-for-stm32.9-2020-q2-update.win32_2.0.0.202105311346/tools/bin/../lib/gcc/arm-none-eabi/9.3.1/../../../../arm-none-eabi/lib/thumb/v7-m/nofp\libc_nano.a(lib_a-errno.o)
                0x00000000080108ac                __errno
 .text.__libc_init_array
                0x00000000080108b8       0x48 c:/st/stm32cubeide_1.7.0/stm32cubeide/plugins/com.st.stm32cube.ide.mcu.externaltools.gnu-tools-for-stm32.9-2020-q2-update.win32_2.0.0.202105311346/tools/bin/../lib/gcc/arm-none-eabi/9.3.1/../../../../arm-none-eabi/lib/thumb/v7-m/nofp\libc_nano.a(lib_a-init.o)
                0x00000000080108b8                __libc_init_array
 .text.__retarget_lock_acquire_recursive
                0x0000000008010900        0x2 c:/st/stm32cubeide_1.7.0/stm32cubeide/plugins/com.st.stm32cube.ide.mcu.externaltools.gnu-tools-for-stm32.9-2020-q2-update.win32_2.0.0.202105311346/tools/bin/../lib/gcc/arm-none-eabi/9.3.1/../../../../arm-none-eabi/lib/thumb/v7-m/nofp\libc_nano.a(lib_a-lock.o)
                0x0000000008010900                __retarget_lock_acquire_recursive
 .text.__retarget_lock_release_recursive
                0x0000000008010902        0x2 c:/st/stm32cubeide_1.7.0/stm32cubeide/plugins/com.st.stm32cube.ide.mcu.externaltools.gnu-tools-for-stm32.9-2020-q2-update.win32_2.0.0.202105311346/tools/bin/../lib/gcc/arm-none-eabi/9.3.1/../../../../arm-none-eabi/lib/thumb/v7-m/nofp\libc_nano.a(lib_a-lock.o)
                0x0000000008010902                __retarget_lock_release_recursive
 .text.memcpy   0x0000000008010904       0x1c c:/st/stm32cubeide_1.7.0/stm32cubeide/plugins/com.st.stm32cube.ide.mcu.externaltools.gnu-tools-for-stm32.9-2020-q2-update.win32_2.0.0.202105311346/tools/bin/../lib/gcc/arm-none-eabi/9.3.1/../../../../arm-none-eabi/lib/thumb/v7-m/nofp\libc_nano.a(lib_a-memcpy-stub.o)
                0x0000000008010904                memcpy