interface.c:28:6:interfaceDelay	16	static
interface.c:39:6:interface_linkingTimeDate	16	static
interface.c:45:6:interface_linkingMeasurement	24	static
interface.c:60:6:interface_linkingStatusFlag	24	static
interface.c:67:6:interface_linkingSystemSet	16	static
interface.c:73:9:interface_isReady	4	static
interface.c:78:6:interface_initButton	8	static
interface.c:87:6:interface_deInitButton	8	static
interface.c:96:6:interface_init	16	static
interface.c:111:6:interface_nextPage	4	static
interface.c:117:6:interface_previousPage	4	static
interface.c:124:6:interface_onShutdown	16	static
interface.c:140:6:interface_onMenu	4	static
interface.c:147:6:interface_drawHeader	32	static
interface.c:178:6:interface_drawPage1	48	static
interface.c:258:6:interface_drawPage2	32	static
interface.c:310:6:interface_showNotification	88	dynamic
interface.c:358:6:interface_drawNotification	72	dynamic
interface.c:417:6:interface_buttonBeep	8	static
interface.c:424:6:InterfaceTask	80	static
