BSP.h:113:24:normalizeMinimumTemperature	16	static
BSP.h:124:24:normalizeMinimumHumidity	16	static
system.c:74:6:systemInputInterrupt_handler	16	static
system.c:97:13:system_resetMemory	4	static
system.c:109:13:system_initIO	16	static
system.c:118:13:system_updateTank	16	static
system.c:132:13:system_updateFin	16	static
system.c:160:16:system_checkERROR	8	static
system.c:175:16:system_getError	4	static
system.c:180:13:system_getErrorMsg	16	static
system.c:203:13:system_updateFlag	16	static
system.c:228:14:system_updateTotalVolume	24	static
system.c:235:13:system_updateOutput	24	static
system.c:308:6:system_beeper	16	static
system.c:320:13:system_getTankStatusStr	16	static
system.c:340:13:system_getTankModeStr	16	static
system.c:357:13:system_getStatus	16	static
system.c:385:6:taskSystem	48	static
system.c:544:20:systemRuning	8	static
system.c:593:6:system_resetLog	4	static
