stm32_rtc.h:36:27:getMaxDayOf	16	static
interfaceTimeDate.c:26:13:interfaceTimeDate_updateList	16	static
interfaceTimeDate.c:33:13:interfaceTimeDate_onMenuNext	8	static
interfaceTimeDate.c:38:13:interfaceTimeDate_onMenuPrevious	8	static
interfaceTimeDate.c:43:13:interfaceTimeDate_onMenuOK	8	static
interfaceTimeDate.c:48:13:interfaceTimeDate_onNextCursor	4	static
interfaceTimeDate.c:53:13:interfaceTimeDate_onUp	16	static
interfaceTimeDate.c:94:13:interfaceTimeDate_onDown	16	static
interfaceTimeDate.c:135:13:interfaceTimeDate_init	8	static
interfaceTimeDate.c:147:13:interfaceTimeDate_initButton	8	static
interfaceTimeDate.c:154:13:interfaceTimeDate_deInitButton	8	static
interfaceTimeDate.c:162:13:interfaceTimeDate_blinkingLine	32	static
interfaceTimeDate.c:198:6:interfaceTimeDate_loop	16	static
