main.c:125:6:HAL_GPIO_EXTI_Callback	16	static
main.c:162:6:onStandBy	128	static
main.c:217:5:main	8	static
main.c:316:6:SystemClock_Config	96	static
main.c:365:13:MX_I2C1_Init	8	static
main.c:399:13:MX_I2C2_Init	8	static
main.c:433:13:MX_IWDG_Init	8	static
main.c:461:13:MX_RTC_Init	24	static
main.c:541:13:MX_TIM14_Init	8	static
main.c:572:13:MX_GPIO_Init	48	static
main.c:710:6:StartDefaultTask	56	static
main.c:770:6:HAL_TIM_PeriodElapsedCallback	16	static
main.c:800:6:Error_Handler	8	static,ignoring_inline_asm
