delayDWT.h:17:26:DWT_Delay_Init	4	static,ignoring_inline_asm
delayDWT.h:52:22:DWT_Delay_us	24	static
sensor.c:41:13:sensor_getAirSensorFlag	4	static
sensor.c:45:13:sensor_getFinSensorFlag	4	static
sensor.c:49:14:sensor_getFinTemperature	16	static
sensor.c:53:14:sensor_getAirTemperature	4	static
sensor.c:57:14:sensor_getAirRH	4	static
sensor.c:61:14:sensor_getPhaseFrequency	16	static
sensor.c:65:13:sensor_getPG_status	4	static
sensor.c:69:14:sensor_getWaterFlow_Frequency	4	static
sensor.c:73:14:sensor_getWaterFlow_inLPM	4	static
sensor.c:77:14:sensor_getWaterFlow_const	4	static
sensor.c:81:13:sensor_setWaterFlow_const	16	static
sensor.c:85:14:sensor_getWaterLevel_inPercent	4	static
sensor.c:89:14:sensor_getTankHeigth_const	4	static
sensor.c:93:13:sensor_setTankHeight_const	16	static
sensor.c:97:14:sensor_getTankSensor	4	static
sensor.c:107:6:sensor_phaseCountingUp	16	static
sensor.c:116:6:sensor_phaseUpdateFrequency	32	static
sensor.c:135:6:sensor_waterFlowCountingUp	4	static
sensor.c:145:6:sensor_waterFlowUpdateFrequency	8	static
sensor.c:158:10:pulseIn	32	static
sensor.c:199:13:ultrasonic_measuring	16	static
sensor.c:214:13:sensor_waterLevelMeasuring	16	static
sensor.c:231:6:sensorDelay	16	static
sensor.c:236:6:sensorInit	16	static
sensor.c:275:13:sensorTaskOnStart	4	static
sensor.c:279:13:sensorTaskOnPause	8	static
sensor.c:284:13:sensorTaskOnResume	8	static
sensor.c:296:6:SensorTask	32	static
