delayDWT.h:17:26:DWT_Delay_Init	4	static,ignoring_inline_asm
delayDWT.h:52:22:DWT_Delay_us	24	static
MCP23017_LCD12864.c:46:13:lcd_initDriverIO	8	static
MCP23017_LCD12864.c:95:6:lcd_create	16	static
MCP23017_LCD12864.c:107:13:lcd_writeRegister	32	static
MCP23017_LCD12864.c:120:13:lcd_writeRegisterPort	32	static
MCP23017_LCD12864.c:131:13:lcd_transfer	24	static
MCP23017_LCD12864.c:148:13:lcd_onParallelMode	16	static
MCP23017_LCD12864.c:163:6:lcd_fillBuffer	16	static
MCP23017_LCD12864.c:168:6:lcd_clearBuffer	8	static
MCP23017_LCD12864.c:173:6:lcd_clear	24	static
MCP23017_LCD12864.c:201:6:lcd_sendBuffer	24	static
MCP23017_LCD12864.c:240:6:lcd_setBL_off	16	static
MCP23017_LCD12864.c:249:6:lcd_setBL_on	16	static
MCP23017_LCD12864.c:260:10:lcdBase_utf8	24	static
MCP23017_LCD12864.c:290:6:lcdBase_write	40	static
MCP23017_LCD12864.c:314:6:lcdBase_write_char	40	static
MCP23017_LCD12864.c:341:8:lcdBase_getWitdthStr	32	static
MCP23017_LCD12864.c:370:8:lcdBase_write_str	24	static
MCP23017_LCD12864.c:381:6:lcdBase_setFont	16	static
MCP23017_LCD12864.c:391:6:lcdBase_invertingText	16	static
MCP23017_LCD12864.c:397:6:lcdBase_drawText	16	static
MCP23017_LCD12864.c:407:6:lcdBase_resumeDrawText	16	static
MCP23017_LCD12864.c:413:6:lcdBase_drawPixel	24	static
MCP23017_LCD12864.c:429:6:lcdBase_drawHLine	32	static
MCP23017_LCD12864.c:438:6:lcdBase_drawVLine	32	static
MCP23017_LCD12864.c:447:6:lcdBase_drawBox	32	static
MCP23017_LCD12864.c:456:6:lcdBase_drawFillBox	32	static
MCP23017_LCD12864.c:461:6:lcdBase_drawCircle	48	static
MCP23017_LCD12864.c:497:6:lcdBase_drawFillCircle	56	static
MCP23017_LCD12864.c:531:6:lcdBase_drawBitmap	72	static
