delayDWT.h:17:26:DWT_Delay_Init	4	static,ignoring_inline_asm
delayDWT.h:52:22:DWT_Delay_us	24	static
MCP23017_LCD12864.c:47:13:lcd_initDriverIO	8	static
MCP23017_LCD12864.c:96:6:lcd_create	16	static
MCP23017_LCD12864.c:108:13:lcd_writeRegister	32	static
MCP23017_LCD12864.c:124:13:lcd_writeRegisterPort	32	static
MCP23017_LCD12864.c:137:13:lcd_transfer	24	static
MCP23017_LCD12864.c:154:13:lcd_onParallelMode	16	static
MCP23017_LCD12864.c:169:6:lcd_fillBuffer	16	static
MCP23017_LCD12864.c:174:6:lcd_clearBuffer	8	static
MCP23017_LCD12864.c:179:6:lcd_clear	24	static
MCP23017_LCD12864.c:207:6:lcd_sendBuffer	24	static
MCP23017_LCD12864.c:262:6:lcd_setBL_off	16	static
MCP23017_LCD12864.c:271:6:lcd_setBL_on	16	static
MCP23017_LCD12864.c:282:10:lcdBase_utf8	24	static
MCP23017_LCD12864.c:312:6:lcdBase_write	40	static
MCP23017_LCD12864.c:336:6:lcdBase_write_char	40	static
MCP23017_LCD12864.c:363:8:lcdBase_getWitdthStr	32	static
MCP23017_LCD12864.c:392:8:lcdBase_write_str	24	static
MCP23017_LCD12864.c:403:6:lcdBase_setFont	16	static
MCP23017_LCD12864.c:413:6:lcdBase_invertingText	16	static
MCP23017_LCD12864.c:419:6:lcdBase_drawText	16	static
MCP23017_LCD12864.c:429:6:lcdBase_resumeDrawText	16	static
MCP23017_LCD12864.c:435:6:lcdBase_drawPixel	24	static
MCP23017_LCD12864.c:451:6:lcdBase_drawHLine	32	static
MCP23017_LCD12864.c:460:6:lcdBase_drawVLine	32	static
MCP23017_LCD12864.c:469:6:lcdBase_drawBox	32	static
MCP23017_LCD12864.c:478:6:lcdBase_drawFillBox	32	static
MCP23017_LCD12864.c:483:6:lcdBase_drawCircle	48	static
MCP23017_LCD12864.c:519:6:lcdBase_drawFillCircle	56	static
MCP23017_LCD12864.c:553:6:lcdBase_drawBitmap	72	static
